Archive member included to satisfy reference by file (symbol)

/usr/lib/x86_64-linux-gnu/libc_nonshared.a(elf-init.oS)
                              /usr/lib/gcc/x86_64-linux-gnu/10/../../../x86_64-linux-gnu/Scrt1.o (__libc_csu_init)

As-needed library included to satisfy reference by file (symbol)

libm.so.6                     build/py/objcomplex.o (exp@@GLIBC_2.29)
libc.so.6                     build/main.o (exit@@GLIBC_2.2.5)

Discarded input sections

 .rodata.cst4   0x0000000000000000        0x4 /usr/lib/gcc/x86_64-linux-gnu/10/../../../x86_64-linux-gnu/Scrt1.o
 .data          0x0000000000000000        0x4 /usr/lib/gcc/x86_64-linux-gnu/10/../../../x86_64-linux-gnu/Scrt1.o
 .bss           0x0000000000000000        0x0 /usr/lib/gcc/x86_64-linux-gnu/10/../../../x86_64-linux-gnu/Scrt1.o
 .note.GNU-stack
                0x0000000000000000        0x0 /usr/lib/gcc/x86_64-linux-gnu/10/../../../x86_64-linux-gnu/Scrt1.o
 .text          0x0000000000000000        0x0 /usr/lib/gcc/x86_64-linux-gnu/10/../../../x86_64-linux-gnu/crti.o
 .data          0x0000000000000000        0x0 /usr/lib/gcc/x86_64-linux-gnu/10/../../../x86_64-linux-gnu/crti.o
 .bss           0x0000000000000000        0x0 /usr/lib/gcc/x86_64-linux-gnu/10/../../../x86_64-linux-gnu/crti.o
 .note.GNU-stack
                0x0000000000000000        0x0 /usr/lib/gcc/x86_64-linux-gnu/10/../../../x86_64-linux-gnu/crti.o
 .data          0x0000000000000000        0x0 /usr/lib/gcc/x86_64-linux-gnu/10/crtbeginS.o
 .note.GNU-stack
                0x0000000000000000        0x0 /usr/lib/gcc/x86_64-linux-gnu/10/crtbeginS.o
 .text          0x0000000000000000        0x0 build/py/mpstate.o
 .data          0x0000000000000000        0x0 build/py/mpstate.o
 .bss           0x0000000000000000        0x0 build/py/mpstate.o
 .note.GNU-stack
                0x0000000000000000        0x0 build/py/mpstate.o
 .text          0x0000000000000000        0x0 build/py/nlr.o
 .data          0x0000000000000000        0x0 build/py/nlr.o
 .bss           0x0000000000000000        0x0 build/py/nlr.o
 .note.GNU-stack
                0x0000000000000000        0x0 build/py/nlr.o
 .text          0x0000000000000000        0x0 build/py/nlrx86.o
 .data          0x0000000000000000        0x0 build/py/nlrx86.o
 .bss           0x0000000000000000        0x0 build/py/nlrx86.o
 .comment       0x0000000000000000       0x28 build/py/nlrx86.o
 .note.GNU-stack
                0x0000000000000000        0x0 build/py/nlrx86.o
 .text          0x0000000000000000        0x0 build/py/nlrx64.o
 .data          0x0000000000000000        0x0 build/py/nlrx64.o
 .bss           0x0000000000000000        0x0 build/py/nlrx64.o
 .note.GNU-stack
                0x0000000000000000        0x0 build/py/nlrx64.o
 .text          0x0000000000000000        0x0 build/py/nlrthumb.o
 .data          0x0000000000000000        0x0 build/py/nlrthumb.o
 .bss           0x0000000000000000        0x0 build/py/nlrthumb.o
 .comment       0x0000000000000000       0x28 build/py/nlrthumb.o
 .note.GNU-stack
                0x0000000000000000        0x0 build/py/nlrthumb.o
 .text          0x0000000000000000        0x0 build/py/nlrpowerpc.o
 .data          0x0000000000000000        0x0 build/py/nlrpowerpc.o
 .bss           0x0000000000000000        0x0 build/py/nlrpowerpc.o
 .comment       0x0000000000000000       0x28 build/py/nlrpowerpc.o
 .note.GNU-stack
                0x0000000000000000        0x0 build/py/nlrpowerpc.o
 .text          0x0000000000000000        0x0 build/py/nlrxtensa.o
 .data          0x0000000000000000        0x0 build/py/nlrxtensa.o
 .bss           0x0000000000000000        0x0 build/py/nlrxtensa.o
 .comment       0x0000000000000000       0x28 build/py/nlrxtensa.o
 .note.GNU-stack
                0x0000000000000000        0x0 build/py/nlrxtensa.o
 .text          0x0000000000000000        0x0 build/py/nlrsetjmp.o
 .data          0x0000000000000000        0x0 build/py/nlrsetjmp.o
 .bss           0x0000000000000000        0x0 build/py/nlrsetjmp.o
 .comment       0x0000000000000000       0x28 build/py/nlrsetjmp.o
 .note.GNU-stack
                0x0000000000000000        0x0 build/py/nlrsetjmp.o
 .text          0x0000000000000000        0x0 build/py/malloc.o
 .data          0x0000000000000000        0x0 build/py/malloc.o
 .bss           0x0000000000000000        0x0 build/py/malloc.o
 .note.GNU-stack
                0x0000000000000000        0x0 build/py/malloc.o
 .text          0x0000000000000000        0x0 build/py/gc.o
 .data          0x0000000000000000        0x0 build/py/gc.o
 .bss           0x0000000000000000        0x0 build/py/gc.o
 .text.gc_lock  0x0000000000000000        0x9 build/py/gc.o
 .text.gc_unlock
                0x0000000000000000        0x9 build/py/gc.o
 .text.gc_sweep_all
                0x0000000000000000       0x17 build/py/gc.o
 .text.gc_info  0x0000000000000000      0x1e4 build/py/gc.o
 .text.gc_nbytes
                0x0000000000000000       0x8a build/py/gc.o
 .rodata.gc_dump_info.str1.8
[...]
Memory Configuration

Name             Origin             Length             Attributes
*default*        0x0000000000000000 0xffffffffffffffff

Linker script and memory map

LOAD /usr/lib/gcc/x86_64-linux-gnu/10/../../../x86_64-linux-gnu/Scrt1.o
LOAD /usr/lib/gcc/x86_64-linux-gnu/10/../../../x86_64-linux-gnu/crti.o
LOAD /usr/lib/gcc/x86_64-linux-gnu/10/crtbeginS.o
LOAD build/py/mpstate.o
LOAD build/py/nlr.o
LOAD build/py/nlrx86.o
LOAD build/py/nlrx64.o
LOAD build/py/nlrthumb.o
LOAD build/py/nlrpowerpc.o
LOAD build/py/nlrxtensa.o
LOAD build/py/nlrsetjmp.o
LOAD build/py/malloc.o
LOAD build/py/gc.o
LOAD build/py/pystack.o
LOAD build/py/qstr.o
LOAD build/py/vstr.o
LOAD build/py/mpprint.o
LOAD build/py/unicode.o
LOAD build/py/mpz.o
LOAD build/py/reader.o
LOAD build/py/lexer.o
LOAD build/py/parse.o
LOAD build/py/scope.o
LOAD build/py/compile.o
LOAD build/py/emitcommon.o
LOAD build/py/emitbc.o
LOAD build/py/asmbase.o
LOAD build/py/asmx64.o
LOAD build/py/emitnx64.o
LOAD build/py/asmx86.o
LOAD build/py/emitnx86.o
LOAD build/py/asmthumb.o
LOAD build/py/emitnthumb.o
LOAD build/py/emitinlinethumb.o
LOAD build/py/asmarm.o
LOAD build/py/emitnarm.o
LOAD build/py/asmxtensa.o
LOAD build/py/emitnxtensa.o
LOAD build/py/emitinlinextensa.o
LOAD build/py/emitnxtensawin.o
LOAD build/py/formatfloat.o
LOAD build/py/parsenumbase.o
LOAD build/py/parsenum.o
LOAD build/py/emitglue.o
LOAD build/py/persistentcode.o
LOAD build/py/runtime.o
LOAD build/py/runtime_utils.o
LOAD build/py/scheduler.o
LOAD build/py/nativeglue.o
LOAD build/py/pairheap.o
LOAD build/py/ringbuf.o
LOAD build/py/stackctrl.o
LOAD build/py/argcheck.o
LOAD build/py/warning.o
LOAD build/py/profile.o
LOAD build/py/map.o
LOAD build/py/obj.o
LOAD build/py/objarray.o
LOAD build/py/objattrtuple.o
LOAD build/py/objbool.o
LOAD build/py/objboundmeth.o
LOAD build/py/objcell.o
LOAD build/py/objclosure.o
LOAD build/py/objcomplex.o
LOAD build/py/objdeque.o
LOAD build/py/objdict.o
LOAD build/py/objenumerate.o
LOAD build/py/objexcept.o
LOAD build/py/objfilter.o
LOAD build/py/objfloat.o
LOAD build/py/objfun.o
LOAD build/py/objgenerator.o
LOAD build/py/objgetitemiter.o
LOAD build/py/objint.o
LOAD build/py/objint_longlong.o
LOAD build/py/objint_mpz.o
LOAD build/py/objlist.o
LOAD build/py/objmap.o
LOAD build/py/objmodule.o
LOAD build/py/objobject.o
LOAD build/py/objpolyiter.o
LOAD build/py/objproperty.o
LOAD build/py/objnone.o
LOAD build/py/objnamedtuple.o
LOAD build/py/objrange.o
LOAD build/py/objreversed.o
LOAD build/py/objset.o
LOAD build/py/objsingleton.o
LOAD build/py/objslice.o
LOAD build/py/objstr.o
LOAD build/py/objstrunicode.o
LOAD build/py/objstringio.o
LOAD build/py/objtuple.o
LOAD build/py/objtype.o
LOAD build/py/objzip.o
LOAD build/py/opmethods.o
LOAD build/py/sequence.o
LOAD build/py/stream.o
LOAD build/py/binary.o
LOAD build/py/builtinimport.o
LOAD build/py/builtinevex.o
LOAD build/py/builtinhelp.o
LOAD build/py/modarray.o
LOAD build/py/modbuiltins.o
LOAD build/py/modcollections.o
LOAD build/py/modgc.o
LOAD build/py/modio.o
LOAD build/py/modmath.o
LOAD build/py/modcmath.o
LOAD build/py/modmicropython.o
LOAD build/py/modstruct.o
LOAD build/py/modsys.o
LOAD build/py/moduerrno.o
LOAD build/py/modthread.o
LOAD build/py/vm.o
LOAD build/py/bc.o
LOAD build/py/showbc.o
LOAD build/py/repl.o
LOAD build/py/smallint.o
LOAD build/py/frozenmod.o
LOAD build/main.o
LOAD build/gccollect.o
LOAD build/lib/utils/gchelper_generic.o
LOAD /usr/lib/gcc/x86_64-linux-gnu/10/../../../x86_64-linux-gnu/libm.so
START GROUP
LOAD /lib/x86_64-linux-gnu/libm.so.6
LOAD /lib/x86_64-linux-gnu/libmvec.so.1
END GROUP
LOAD /usr/lib/gcc/x86_64-linux-gnu/10/libgcc.a
LOAD /usr/lib/gcc/x86_64-linux-gnu/10/libgcc_s.so
START GROUP
LOAD /usr/lib/gcc/x86_64-linux-gnu/10/../../../x86_64-linux-gnu/libgcc_s.so.1
LOAD /usr/lib/gcc/x86_64-linux-gnu/10/libgcc.a
END GROUP
LOAD /usr/lib/gcc/x86_64-linux-gnu/10/../../../x86_64-linux-gnu/libc.so
START GROUP
LOAD /lib/x86_64-linux-gnu/libc.so.6
LOAD /usr/lib/x86_64-linux-gnu/libc_nonshared.a
LOAD /lib/x86_64-linux-gnu/ld-linux-x86-64.so.2
END GROUP
LOAD /usr/lib/gcc/x86_64-linux-gnu/10/libgcc.a
LOAD /usr/lib/gcc/x86_64-linux-gnu/10/libgcc_s.so
START GROUP
LOAD /usr/lib/gcc/x86_64-linux-gnu/10/../../../x86_64-linux-gnu/libgcc_s.so.1
LOAD /usr/lib/gcc/x86_64-linux-gnu/10/libgcc.a
END GROUP
LOAD /usr/lib/gcc/x86_64-linux-gnu/10/crtendS.o
LOAD /usr/lib/gcc/x86_64-linux-gnu/10/../../../x86_64-linux-gnu/crtn.o
                [!provide]                        PROVIDE (__executable_start = SEGMENT_START ("text-segment", 0x0))
                0x00000000000002a8                . = (SEGMENT_START ("text-segment", 0x0) + SIZEOF_HEADERS)

.interp         0x00000000000002a8       0x1c
 *(.interp)
 .interp        0x00000000000002a8       0x1c /usr/lib/gcc/x86_64-linux-gnu/10/../../../x86_64-linux-gnu/Scrt1.o

.note.gnu.build-id
                0x00000000000002c4       0x24
 *(.note.gnu.build-id)
 .note.gnu.build-id
                0x00000000000002c4       0x24 /usr/lib/gcc/x86_64-linux-gnu/10/../../../x86_64-linux-gnu/Scrt1.o

.note.ABI-tag   0x00000000000002e8       0x20
 .note.ABI-tag  0x00000000000002e8       0x20 /usr/lib/gcc/x86_64-linux-gnu/10/../../../x86_64-linux-gnu/Scrt1.o

.hash
 *(.hash)

.gnu.hash       0x0000000000000308       0x28
 *(.gnu.hash)
 .gnu.hash      0x0000000000000308       0x28 /usr/lib/gcc/x86_64-linux-gnu/10/../../../x86_64-linux-gnu/Scrt1.o

.dynsym         0x0000000000000330      0x348
 *(.dynsym)
 .dynsym        0x0000000000000330      0x348 /usr/lib/gcc/x86_64-linux-gnu/10/../../../x86_64-linux-gnu/Scrt1.o

.dynstr         0x0000000000000678      0x15c
 *(.dynstr)
 .dynstr        0x0000000000000678      0x15c /usr/lib/gcc/x86_64-linux-gnu/10/../../../x86_64-linux-gnu/Scrt1.o

.gnu.version    0x00000000000007d4       0x46
 *(.gnu.version)
 .gnu.version   0x00000000000007d4       0x46 /usr/lib/gcc/x86_64-linux-gnu/10/../../../x86_64-linux-gnu/Scrt1.o

.gnu.version_d  0x0000000000000820        0x0
 *(.gnu.version_d)
 .gnu.version_d
                0x0000000000000820        0x0 /usr/lib/gcc/x86_64-linux-gnu/10/../../../x86_64-linux-gnu/Scrt1.o

.gnu.version_r  0x0000000000000820       0x60
 *(.gnu.version_r)
 .gnu.version_r
                0x0000000000000820       0x60 /usr/lib/gcc/x86_64-linux-gnu/10/../../../x86_64-linux-gnu/Scrt1.o

.rela.dyn       0x0000000000000880     0x7c38
 *(.rela.init)
 *(.rela.text .rela.text.* .rela.gnu.linkonce.t.*)
 .rela.text.nlr_jump_fail
                0x0000000000000880        0x0 /usr/lib/gcc/x86_64-linux-gnu/10/../../../x86_64-linux-gnu/Scrt1.o
 .rela.text     0x0000000000000880        0x0 /usr/lib/gcc/x86_64-linux-gnu/10/../../../x86_64-linux-gnu/Scrt1.o
 *(.rela.fini)
 *(.rela.rodata .rela.rodata.* .rela.gnu.linkonce.r.*)
 *(.rela.data .rela.data.* .rela.gnu.linkonce.d.*)
 .rela.data.rel.ro
                0x0000000000000880        0x0 /usr/lib/gcc/x86_64-linux-gnu/10/../../../x86_64-linux-gnu/Scrt1.o
 .rela.data.rel.local
                0x0000000000000880       0x18 /usr/lib/gcc/x86_64-linux-gnu/10/../../../x86_64-linux-gnu/Scrt1.o
 .rela.data.rel.ro.local.mp_qstr_const_pool
                0x0000000000000898     0x1fc8 /usr/lib/gcc/x86_64-linux-gnu/10/../../../x86_64-linux-gnu/Scrt1.o
 .rela.data.rel.ro.local.tok_kw
                0x0000000000002860      0x360 /usr/lib/gcc/x86_64-linux-gnu/10/../../../x86_64-linux-gnu/Scrt1.o
 .rela.data.rel.ro.local.mp_constants_map
                0x0000000000002bc0       0x18 /usr/lib/gcc/x86_64-linux-gnu/10/../../../x86_64-linux-gnu/Scrt1.o
 .rela.data.rel.ro.local.compile_function
                0x0000000000002bd8      0x588 /usr/lib/gcc/x86_64-linux-gnu/10/../../../x86_64-linux-gnu/Scrt1.o
 .rela.data.rel.ro.emit_asm_table
                0x0000000000003160       0xa8 /usr/lib/gcc/x86_64-linux-gnu/10/../../../x86_64-linux-gnu/Scrt1.o
 .rela.data.rel.ro.emit_native_table
                0x0000000000003208       0xf0 /usr/lib/gcc/x86_64-linux-gnu/10/../../../x86_64-linux-gnu/Scrt1.o
 .rela.data.rel.ro.local.emit_bc_method_table
                0x00000000000032f8      0x510 /usr/lib/gcc/x86_64-linux-gnu/10/../../../x86_64-linux-gnu/Scrt1.o
 .rela.data.rel.ro.local.emit_native_x64_method_table
                0x0000000000003808      0x540 /usr/lib/gcc/x86_64-linux-gnu/10/../../../x86_64-linux-gnu/Scrt1.o
 .rela.data.rel.ro.local.emit_native_x86_method_table
                0x0000000000003d48      0x540 /usr/lib/gcc/x86_64-linux-gnu/10/../../../x86_64-linux-gnu/Scrt1.o
 .rela.data.rel.ro.local.emit_native_thumb_method_table
                0x0000000000004288      0x540 /usr/lib/gcc/x86_64-linux-gnu/10/../../../x86_64-linux-gnu/Scrt1.o
 .rela.data.rel.ro.local.emit_inline_thumb_method_table
                0x00000000000047c8       0xa8 /usr/lib/gcc/x86_64-linux-gnu/10/../../../x86_64-linux-gnu/Scrt1.o
 .rela.data.rel.ro.local.emit_native_arm_method_table
                0x0000000000004870      0x540 /usr/lib/gcc/x86_64-linux-gnu/10/../../../x86_64-linux-gnu/Scrt1.o
 .rela.data.rel.ro.local.emit_native_xtensa_method_table
                0x0000000000004db0      0x540 /usr/lib/gcc/x86_64-linux-gnu/10/../../../x86_64-linux-gnu/Scrt1.o
 .rela.data.rel.ro.local.emit_inline_xtensa_method_table
                0x00000000000052f0       0xa8 /usr/lib/gcc/x86_64-linux-gnu/10/../../../x86_64-linux-gnu/Scrt1.o
 .rela.data.rel.ro.local.emit_native_xtensawin_method_table
                0x0000000000005398      0x540 /usr/lib/gcc/x86_64-linux-gnu/10/../../../x86_64-linux-gnu/Scrt1.o
 .rela.data.rel.ro.mp_type_checked_fun
                0x00000000000058d8       0x30 /usr/lib/gcc/x86_64-linux-gnu/10/../../../x86_64-linux-gnu/Scrt1.o
 .rela.data.rel.ro.types.1
                0x0000000000005908      0x120 /usr/lib/gcc/x86_64-linux-gnu/10/../../../x86_64-linux-gnu/Scrt1.o
 .rela.data.rel.ro.mp_type_bool
                0x0000000000005a28       0x78 /usr/lib/gcc/x86_64-linux-gnu/10/../../../x86_64-linux-gnu/Scrt1.o
 .rela.data.rel.ro.mp_type_complex
                0x0000000000005aa0       0x90 /usr/lib/gcc/x86_64-linux-gnu/10/../../../x86_64-linux-gnu/Scrt1.o
 .rela.data.rel.ro.mp_type_dict
                0x0000000000005b30       0xc0 /usr/lib/gcc/x86_64-linux-gnu/10/../../../x86_64-linux-gnu/Scrt1.o
 .rela.data.rel.ro.local.dict_locals_dict
                0x0000000000005bf0       0x30 /usr/lib/gcc/x86_64-linux-gnu/10/../../../x86_64-linux-gnu/Scrt1.o
 .rela.data.rel.ro.dict_locals_dict_table
                0x0000000000005c20      0x150 /usr/lib/gcc/x86_64-linux-gnu/10/../../../x86_64-linux-gnu/Scrt1.o
 .rela.data.rel.ro.dict_values_obj
                0x0000000000005d70       0x30 /usr/lib/gcc/x86_64-linux-gnu/10/../../../x86_64-linux-gnu/Scrt1.o
 .rela.data.rel.ro.dict_keys_obj
                0x0000000000005da0       0x30 /usr/lib/gcc/x86_64-linux-gnu/10/../../../x86_64-linux-gnu/Scrt1.o
 .rela.data.rel.ro.dict_items_obj
                0x0000000000005dd0       0x30 /usr/lib/gcc/x86_64-linux-gnu/10/../../../x86_64-linux-gnu/Scrt1.o
 .rela.data.rel.ro.local.mp_dict_view_names
                0x0000000000005e00       0x48 /usr/lib/gcc/x86_64-linux-gnu/10/../../../x86_64-linux-gnu/Scrt1.o
 .rela.data.rel.ro.dict_view_it_type
                0x0000000000005e48       0x48 /usr/lib/gcc/x86_64-linux-gnu/10/../../../x86_64-linux-gnu/Scrt1.o
 .rela.data.rel.ro.dict_view_type
                0x0000000000005e90       0x60 /usr/lib/gcc/x86_64-linux-gnu/10/../../../x86_64-linux-gnu/Scrt1.o
 .rela.data.rel.ro.dict_update_obj
                0x0000000000005ef0       0x30 /usr/lib/gcc/x86_64-linux-gnu/10/../../../x86_64-linux-gnu/Scrt1.o
 .rela.data.rel.ro.dict_popitem_obj
                0x0000000000005f20       0x30 /usr/lib/gcc/x86_64-linux-gnu/10/../../../x86_64-linux-gnu/Scrt1.o
 .rela.data.rel.ro.dict_setdefault_obj
                0x0000000000005f50       0x30 /usr/lib/gcc/x86_64-linux-gnu/10/../../../x86_64-linux-gnu/Scrt1.o
 .rela.data.rel.ro.dict_pop_obj
                0x0000000000005f80       0x30 /usr/lib/gcc/x86_64-linux-gnu/10/../../../x86_64-linux-gnu/Scrt1.o
 .rela.data.rel.ro.dict_get_obj
                0x0000000000005fb0       0x30 /usr/lib/gcc/x86_64-linux-gnu/10/../../../x86_64-linux-gnu/Scrt1.o
 .rela.data.rel.ro.dict_fromkeys_obj
                0x0000000000005fe0       0x30 /usr/lib/gcc/x86_64-linux-gnu/10/../../../x86_64-linux-gnu/Scrt1.o
 .rela.data.rel.ro.dict_fromkeys_fun_obj
                0x0000000000006010       0x30 /usr/lib/gcc/x86_64-linux-gnu/10/../../../x86_64-linux-gnu/Scrt1.o
 .rela.data.rel.ro.dict_copy_obj
                0x0000000000006040       0x30 /usr/lib/gcc/x86_64-linux-gnu/10/../../../x86_64-linux-gnu/Scrt1.o
 .rela.data.rel.ro.dict_clear_obj
                0x0000000000006070       0x30 /usr/lib/gcc/x86_64-linux-gnu/10/../../../x86_64-linux-gnu/Scrt1.o
 .rela.data.rel.ro.local.mp_const_empty_dict_obj
                0x00000000000060a0       0x18 /usr/lib/gcc/x86_64-linux-gnu/10/../../../x86_64-linux-gnu/Scrt1.o
 .rela.data.rel.ro.mp_type_UnicodeError
                0x00000000000060b8       0x78 /usr/lib/gcc/x86_64-linux-gnu/10/../../../x86_64-linux-gnu/Scrt1.o
 .rela.data.rel.ro.mp_type_ValueError
                0x0000000000006130       0x78 /usr/lib/gcc/x86_64-linux-gnu/10/../../../x86_64-linux-gnu/Scrt1.o
 .rela.data.rel.ro.mp_type_ViperTypeError
                0x00000000000061a8       0x78 /usr/lib/gcc/x86_64-linux-gnu/10/../../../x86_64-linux-gnu/Scrt1.o
 .rela.data.rel.ro.mp_type_TypeError
                0x0000000000006220       0x78 /usr/lib/gcc/x86_64-linux-gnu/10/../../../x86_64-linux-gnu/Scrt1.o
 .rela.data.rel.ro.mp_type_IndentationError
                0x0000000000006298       0x78 /usr/lib/gcc/x86_64-linux-gnu/10/../../../x86_64-linux-gnu/Scrt1.o
 .rela.data.rel.ro.mp_type_SyntaxError
                0x0000000000006310       0x78 /usr/lib/gcc/x86_64-linux-gnu/10/../../../x86_64-linux-gnu/Scrt1.o
 .rela.data.rel.ro.mp_type_NotImplementedError
                0x0000000000006388       0x78 /usr/lib/gcc/x86_64-linux-gnu/10/../../../x86_64-linux-gnu/Scrt1.o
 .rela.data.rel.ro.mp_type_RuntimeError
                0x0000000000006400       0x78 /usr/lib/gcc/x86_64-linux-gnu/10/../../../x86_64-linux-gnu/Scrt1.o
 .rela.data.rel.ro.mp_type_OSError
                0x0000000000006478       0x78 /usr/lib/gcc/x86_64-linux-gnu/10/../../../x86_64-linux-gnu/Scrt1.o
 .rela.data.rel.ro.mp_type_MemoryError
                0x00000000000064f0       0x78 /usr/lib/gcc/x86_64-linux-gnu/10/../../../x86_64-linux-gnu/Scrt1.o
 .rela.data.rel.ro.mp_type_KeyError
                0x0000000000006568       0x78 /usr/lib/gcc/x86_64-linux-gnu/10/../../../x86_64-linux-gnu/Scrt1.o
 .rela.data.rel.ro.mp_type_IndexError
                0x00000000000065e0       0x78 /usr/lib/gcc/x86_64-linux-gnu/10/../../../x86_64-linux-gnu/Scrt1.o
 .rela.data.rel.ro.mp_type_LookupError
                0x0000000000006658       0x78 /usr/lib/gcc/x86_64-linux-gnu/10/../../../x86_64-linux-gnu/Scrt1.o
 .rela.data.rel.ro.mp_type_AttributeError
                0x00000000000066d0       0x78 /usr/lib/gcc/x86_64-linux-gnu/10/../../../x86_64-linux-gnu/Scrt1.o
 .rela.data.rel.ro.mp_type_ZeroDivisionError
                0x0000000000006748       0x78 /usr/lib/gcc/x86_64-linux-gnu/10/../../../x86_64-linux-gnu/Scrt1.o
 .rela.data.rel.ro.mp_type_OverflowError
                0x00000000000067c0       0x78 /usr/lib/gcc/x86_64-linux-gnu/10/../../../x86_64-linux-gnu/Scrt1.o
 .rela.data.rel.ro.mp_type_ArithmeticError
                0x0000000000006838       0x78 /usr/lib/gcc/x86_64-linux-gnu/10/../../../x86_64-linux-gnu/Scrt1.o
 .rela.data.rel.ro.mp_type_StopIteration
                0x00000000000068b0       0x78 /usr/lib/gcc/x86_64-linux-gnu/10/../../../x86_64-linux-gnu/Scrt1.o
 .rela.data.rel.ro.mp_type_Exception
                0x0000000000006928       0x78 /usr/lib/gcc/x86_64-linux-gnu/10/../../../x86_64-linux-gnu/Scrt1.o
 .rela.data.rel.ro.mp_type_BaseException
                0x00000000000069a0       0x60 /usr/lib/gcc/x86_64-linux-gnu/10/../../../x86_64-linux-gnu/Scrt1.o
 .rela.data.rel.ro.mp_type_float
                0x0000000000006a00       0x78 /usr/lib/gcc/x86_64-linux-gnu/10/../../../x86_64-linux-gnu/Scrt1.o
 .rela.data.rel.ro.mp_type_fun_builtin_var
                0x0000000000006a78       0x48 /usr/lib/gcc/x86_64-linux-gnu/10/../../../x86_64-linux-gnu/Scrt1.o
 .rela.data.rel.ro.mp_type_fun_builtin_3
                0x0000000000006ac0       0x48 /usr/lib/gcc/x86_64-linux-gnu/10/../../../x86_64-linux-gnu/Scrt1.o
 .rela.data.rel.ro.mp_type_fun_builtin_2
                0x0000000000006b08       0x48 /usr/lib/gcc/x86_64-linux-gnu/10/../../../x86_64-linux-gnu/Scrt1.o
 .rela.data.rel.ro.mp_type_fun_builtin_1
                0x0000000000006b50       0x48 /usr/lib/gcc/x86_64-linux-gnu/10/../../../x86_64-linux-gnu/Scrt1.o
 .rela.data.rel.ro.it_type
                0x0000000000006b98       0x48 /usr/lib/gcc/x86_64-linux-gnu/10/../../../x86_64-linux-gnu/Scrt1.o
 .rela.data.rel.ro.mp_type_int
                0x0000000000006be0       0x90 /usr/lib/gcc/x86_64-linux-gnu/10/../../../x86_64-linux-gnu/Scrt1.o
 .rela.data.rel.ro.int_locals_dict
                0x0000000000006c70       0x30 /usr/lib/gcc/x86_64-linux-gnu/10/../../../x86_64-linux-gnu/Scrt1.o
 .rela.data.rel.ro.local.int_locals_dict_table
                0x0000000000006ca0       0x30 /usr/lib/gcc/x86_64-linux-gnu/10/../../../x86_64-linux-gnu/Scrt1.o
 .rela.data.rel.ro.int_to_bytes_obj
                0x0000000000006cd0       0x30 /usr/lib/gcc/x86_64-linux-gnu/10/../../../x86_64-linux-gnu/Scrt1.o
 .rela.data.rel.ro.int_from_bytes_obj
                0x0000000000006d00       0x30 /usr/lib/gcc/x86_64-linux-gnu/10/../../../x86_64-linux-gnu/Scrt1.o
 .rela.data.rel.ro.int_from_bytes_fun_obj
                0x0000000000006d30       0x30 /usr/lib/gcc/x86_64-linux-gnu/10/../../../x86_64-linux-gnu/Scrt1.o
 .rela.data.rel.ro.mp_type_list
                0x0000000000006d60       0xc0 /usr/lib/gcc/x86_64-linux-gnu/10/../../../x86_64-linux-gnu/Scrt1.o
 .rela.data.rel.ro.list_locals_dict
                0x0000000000006e20       0x30 /usr/lib/gcc/x86_64-linux-gnu/10/../../../x86_64-linux-gnu/Scrt1.o
 .rela.data.rel.ro.local.list_locals_dict_table
                0x0000000000006e50      0x108 /usr/lib/gcc/x86_64-linux-gnu/10/../../../x86_64-linux-gnu/Scrt1.o
 .rela.data.rel.ro.list_sort_obj
                0x0000000000006f58       0x30 /usr/lib/gcc/x86_64-linux-gnu/10/../../../x86_64-linux-gnu/Scrt1.o
 .rela.data.rel.ro.list_reverse_obj
                0x0000000000006f88       0x30 /usr/lib/gcc/x86_64-linux-gnu/10/../../../x86_64-linux-gnu/Scrt1.o
 .rela.data.rel.ro.list_remove_obj
                0x0000000000006fb8       0x30 /usr/lib/gcc/x86_64-linux-gnu/10/../../../x86_64-linux-gnu/Scrt1.o
 .rela.data.rel.ro.list_pop_obj
                0x0000000000006fe8       0x30 /usr/lib/gcc/x86_64-linux-gnu/10/../../../x86_64-linux-gnu/Scrt1.o
 .rela.data.rel.ro.list_insert_obj
                0x0000000000007018       0x30 /usr/lib/gcc/x86_64-linux-gnu/10/../../../x86_64-linux-gnu/Scrt1.o
 .rela.data.rel.ro.list_index_obj
                0x0000000000007048       0x30 /usr/lib/gcc/x86_64-linux-gnu/10/../../../x86_64-linux-gnu/Scrt1.o
 .rela.data.rel.ro.list_count_obj
                0x0000000000007078       0x30 /usr/lib/gcc/x86_64-linux-gnu/10/../../../x86_64-linux-gnu/Scrt1.o
 .rela.data.rel.ro.list_copy_obj
                0x00000000000070a8       0x30 /usr/lib/gcc/x86_64-linux-gnu/10/../../../x86_64-linux-gnu/Scrt1.o
 .rela.data.rel.ro.list_clear_obj
                0x00000000000070d8       0x30 /usr/lib/gcc/x86_64-linux-gnu/10/../../../x86_64-linux-gnu/Scrt1.o
 .rela.data.rel.ro.list_extend_obj
                0x0000000000007108       0x30 /usr/lib/gcc/x86_64-linux-gnu/10/../../../x86_64-linux-gnu/Scrt1.o
 .rela.data.rel.ro.list_append_obj
                0x0000000000007138       0x30 /usr/lib/gcc/x86_64-linux-gnu/10/../../../x86_64-linux-gnu/Scrt1.o
 .rela.data.rel.ro.mp_type_object
                0x0000000000007168       0x48 /usr/lib/gcc/x86_64-linux-gnu/10/../../../x86_64-linux-gnu/Scrt1.o
 .rela.data.rel.ro.object_locals_dict
                0x00000000000071b0       0x30 /usr/lib/gcc/x86_64-linux-gnu/10/../../../x86_64-linux-gnu/Scrt1.o
 .rela.data.rel.ro.local.object_locals_dict_table
                0x00000000000071e0       0x30 /usr/lib/gcc/x86_64-linux-gnu/10/../../../x86_64-linux-gnu/Scrt1.o
 .rela.data.rel.ro.object___new___obj
                0x0000000000007210       0x30 /usr/lib/gcc/x86_64-linux-gnu/10/../../../x86_64-linux-gnu/Scrt1.o
 .rela.data.rel.ro.object___new___fun_obj
                0x0000000000007240       0x30 /usr/lib/gcc/x86_64-linux-gnu/10/../../../x86_64-linux-gnu/Scrt1.o
 .rela.data.rel.ro.object___init___obj
                0x0000000000007270       0x30 /usr/lib/gcc/x86_64-linux-gnu/10/../../../x86_64-linux-gnu/Scrt1.o
 .rela.data.rel.ro.mp_type_polymorph_iter
                0x00000000000072a0       0x48 /usr/lib/gcc/x86_64-linux-gnu/10/../../../x86_64-linux-gnu/Scrt1.o
 .rela.data.rel.ro.mp_type_property
                0x00000000000072e8       0x48 /usr/lib/gcc/x86_64-linux-gnu/10/../../../x86_64-linux-gnu/Scrt1.o
 .rela.data.rel.ro.property_locals_dict
                0x0000000000007330       0x30 /usr/lib/gcc/x86_64-linux-gnu/10/../../../x86_64-linux-gnu/Scrt1.o
 .rela.data.rel.ro.local.property_locals_dict_table
                0x0000000000007360       0x48 /usr/lib/gcc/x86_64-linux-gnu/10/../../../x86_64-linux-gnu/Scrt1.o
 .rela.data.rel.ro.property_deleter_obj
                0x00000000000073a8       0x30 /usr/lib/gcc/x86_64-linux-gnu/10/../../../x86_64-linux-gnu/Scrt1.o
 .rela.data.rel.ro.property_setter_obj
                0x00000000000073d8       0x30 /usr/lib/gcc/x86_64-linux-gnu/10/../../../x86_64-linux-gnu/Scrt1.o
 .rela.data.rel.ro.property_getter_obj
                0x0000000000007408       0x30 /usr/lib/gcc/x86_64-linux-gnu/10/../../../x86_64-linux-gnu/Scrt1.o
 .rela.data.rel.ro.mp_type_NoneType
                0x0000000000007438       0x48 /usr/lib/gcc/x86_64-linux-gnu/10/../../../x86_64-linux-gnu/Scrt1.o
 .rela.data.rel.ro.local.mp_const_ellipsis_obj
                0x0000000000007480       0x18 /usr/lib/gcc/x86_64-linux-gnu/10/../../../x86_64-linux-gnu/Scrt1.o
 .rela.data.rel.ro.mp_type_singleton
                0x0000000000007498       0x48 /usr/lib/gcc/x86_64-linux-gnu/10/../../../x86_64-linux-gnu/Scrt1.o
 .rela.data.rel.ro.mp_type_slice
                0x00000000000074e0       0x30 /usr/lib/gcc/x86_64-linux-gnu/10/../../../x86_64-linux-gnu/Scrt1.o
 .rela.data.rel.ro.local.mp_const_empty_bytes_obj
                0x0000000000007510       0x30 /usr/lib/gcc/x86_64-linux-gnu/10/../../../x86_64-linux-gnu/Scrt1.o
 .rela.data.rel.ro.mp_type_bytes
                0x0000000000007540       0xc0 /usr/lib/gcc/x86_64-linux-gnu/10/../../../x86_64-linux-gnu/Scrt1.o
 .rela.data.rel.ro.str8_locals_dict
                0x0000000000007600       0x30 /usr/lib/gcc/x86_64-linux-gnu/10/../../../x86_64-linux-gnu/Scrt1.o
 .rela.data.rel.ro.local.str8_locals_dict_table
                0x0000000000007630      0x228 /usr/lib/gcc/x86_64-linux-gnu/10/../../../x86_64-linux-gnu/Scrt1.o
 .rela.data.rel.ro.str_encode_obj
                0x0000000000007858       0x30 /usr/lib/gcc/x86_64-linux-gnu/10/../../../x86_64-linux-gnu/Scrt1.o
 .rela.data.rel.ro.bytes_decode_obj
                0x0000000000007888       0x30 /usr/lib/gcc/x86_64-linux-gnu/10/../../../x86_64-linux-gnu/Scrt1.o
 .rela.data.rel.ro.str_islower_obj
                0x00000000000078b8       0x30 /usr/lib/gcc/x86_64-linux-gnu/10/../../../x86_64-linux-gnu/Scrt1.o
 .rela.data.rel.ro.str_isupper_obj
                0x00000000000078e8       0x30 /usr/lib/gcc/x86_64-linux-gnu/10/../../../x86_64-linux-gnu/Scrt1.o
 .rela.data.rel.ro.str_isdigit_obj
                0x0000000000007918       0x30 /usr/lib/gcc/x86_64-linux-gnu/10/../../../x86_64-linux-gnu/Scrt1.o
 .rela.data.rel.ro.str_isalpha_obj
                0x0000000000007948       0x30 /usr/lib/gcc/x86_64-linux-gnu/10/../../../x86_64-linux-gnu/Scrt1.o
 .rela.data.rel.ro.str_isspace_obj
                0x0000000000007978       0x30 /usr/lib/gcc/x86_64-linux-gnu/10/../../../x86_64-linux-gnu/Scrt1.o
 .rela.data.rel.ro.str_upper_obj
                0x00000000000079a8       0x30 /usr/lib/gcc/x86_64-linux-gnu/10/../../../x86_64-linux-gnu/Scrt1.o
 .rela.data.rel.ro.str_lower_obj
                0x00000000000079d8       0x30 /usr/lib/gcc/x86_64-linux-gnu/10/../../../x86_64-linux-gnu/Scrt1.o
 .rela.data.rel.ro.str_count_obj
                0x0000000000007a08       0x30 /usr/lib/gcc/x86_64-linux-gnu/10/../../../x86_64-linux-gnu/Scrt1.o
 .rela.data.rel.ro.str_replace_obj
                0x0000000000007a38       0x30 /usr/lib/gcc/x86_64-linux-gnu/10/../../../x86_64-linux-gnu/Scrt1.o
 .rela.data.rel.ro.str_format_obj
                0x0000000000007a68       0x30 /usr/lib/gcc/x86_64-linux-gnu/10/../../../x86_64-linux-gnu/Scrt1.o
 .rela.data.rel.ro.str_rstrip_obj
                0x0000000000007a98       0x30 /usr/lib/gcc/x86_64-linux-gnu/10/../../../x86_64-linux-gnu/Scrt1.o
 .rela.data.rel.ro.str_lstrip_obj
                0x0000000000007ac8       0x30 /usr/lib/gcc/x86_64-linux-gnu/10/../../../x86_64-linux-gnu/Scrt1.o
 .rela.data.rel.ro.str_strip_obj
                0x0000000000007af8       0x30 /usr/lib/gcc/x86_64-linux-gnu/10/../../../x86_64-linux-gnu/Scrt1.o
 .rela.data.rel.ro.str_endswith_obj
                0x0000000000007b28       0x30 /usr/lib/gcc/x86_64-linux-gnu/10/../../../x86_64-linux-gnu/Scrt1.o
 .rela.data.rel.ro.str_startswith_obj
                0x0000000000007b58       0x30 /usr/lib/gcc/x86_64-linux-gnu/10/../../../x86_64-linux-gnu/Scrt1.o
 .rela.data.rel.ro.str_rindex_obj
                0x0000000000007b88       0x30 /usr/lib/gcc/x86_64-linux-gnu/10/../../../x86_64-linux-gnu/Scrt1.o
 .rela.data.rel.ro.str_index_obj
                0x0000000000007bb8       0x30 /usr/lib/gcc/x86_64-linux-gnu/10/../../../x86_64-linux-gnu/Scrt1.o
 .rela.data.rel.ro.str_rfind_obj
                0x0000000000007be8       0x30 /usr/lib/gcc/x86_64-linux-gnu/10/../../../x86_64-linux-gnu/Scrt1.o
 .rela.data.rel.ro.str_find_obj
                0x0000000000007c18       0x30 /usr/lib/gcc/x86_64-linux-gnu/10/../../../x86_64-linux-gnu/Scrt1.o
 .rela.data.rel.ro.str_rsplit_obj
                0x0000000000007c48       0x30 /usr/lib/gcc/x86_64-linux-gnu/10/../../../x86_64-linux-gnu/Scrt1.o
 .rela.data.rel.ro.str_split_obj
                0x0000000000007c78       0x30 /usr/lib/gcc/x86_64-linux-gnu/10/../../../x86_64-linux-gnu/Scrt1.o
 .rela.data.rel.ro.str_join_obj
                0x0000000000007ca8       0x30 /usr/lib/gcc/x86_64-linux-gnu/10/../../../x86_64-linux-gnu/Scrt1.o
 .rela.data.rel.ro.mp_type_str
                0x0000000000007cd8       0xd8 /usr/lib/gcc/x86_64-linux-gnu/10/../../../x86_64-linux-gnu/Scrt1.o
 .rela.data.rel.ro.struni_locals_dict
                0x0000000000007db0       0x30 /usr/lib/gcc/x86_64-linux-gnu/10/../../../x86_64-linux-gnu/Scrt1.o
 .rela.data.rel.ro.struni_locals_dict_table
                0x0000000000007de0      0x228 /usr/lib/gcc/x86_64-linux-gnu/10/../../../x86_64-linux-gnu/Scrt1.o
 .rela.data.rel.ro.local.mp_const_empty_tuple_obj
                0x0000000000008008       0x18 /usr/lib/gcc/x86_64-linux-gnu/10/../../../x86_64-linux-gnu/Scrt1.o
 .rela.data.rel.ro.mp_type_tuple
                0x0000000000008020       0xc0 /usr/lib/gcc/x86_64-linux-gnu/10/../../../x86_64-linux-gnu/Scrt1.o
 .rela.data.rel.ro.tuple_locals_dict
                0x00000000000080e0       0x30 /usr/lib/gcc/x86_64-linux-gnu/10/../../../x86_64-linux-gnu/Scrt1.o
 .rela.data.rel.ro.local.tuple_locals_dict_table
                0x0000000000008110       0x30 /usr/lib/gcc/x86_64-linux-gnu/10/../../../x86_64-linux-gnu/Scrt1.o
 .rela.data.rel.ro.tuple_index_obj
                0x0000000000008140       0x30 /usr/lib/gcc/x86_64-linux-gnu/10/../../../x86_64-linux-gnu/Scrt1.o
 .rela.data.rel.ro.tuple_count_obj
                0x0000000000008170       0x30 /usr/lib/gcc/x86_64-linux-gnu/10/../../../x86_64-linux-gnu/Scrt1.o
 .rela.data.rel.ro.local.mp_type_classmethod
                0x00000000000081a0       0x30 /usr/lib/gcc/x86_64-linux-gnu/10/../../../x86_64-linux-gnu/Scrt1.o
 .rela.data.rel.ro.local.mp_type_staticmethod
                0x00000000000081d0       0x30 /usr/lib/gcc/x86_64-linux-gnu/10/../../../x86_64-linux-gnu/Scrt1.o
 .rela.data.rel.ro.mp_type_type
                0x0000000000008200       0x90 /usr/lib/gcc/x86_64-linux-gnu/10/../../../x86_64-linux-gnu/Scrt1.o
 .rela.data.rel.ro.native_base_init_wrapper_obj
                0x0000000000008290       0x30 /usr/lib/gcc/x86_64-linux-gnu/10/../../../x86_64-linux-gnu/Scrt1.o
 .rela.data.rel.ro.mp_op_delitem_obj
                0x00000000000082c0       0x30 /usr/lib/gcc/x86_64-linux-gnu/10/../../../x86_64-linux-gnu/Scrt1.o
 .rela.data.rel.ro.mp_op_setitem_obj
                0x00000000000082f0       0x30 /usr/lib/gcc/x86_64-linux-gnu/10/../../../x86_64-linux-gnu/Scrt1.o
 .rela.data.rel.ro.mp_op_getitem_obj
                0x0000000000008320       0x30 /usr/lib/gcc/x86_64-linux-gnu/10/../../../x86_64-linux-gnu/Scrt1.o
 .rela.data.rel.ro.mp_builtin_next_obj
                0x0000000000008350       0x30 /usr/lib/gcc/x86_64-linux-gnu/10/../../../x86_64-linux-gnu/Scrt1.o
 .rela.data.rel.ro.local.mp_stderr_print
                0x0000000000008380       0x18 /usr/lib/gcc/x86_64-linux-gnu/10/../../../x86_64-linux-gnu/Scrt1.o
 *(.rela.tdata .rela.tdata.* .rela.gnu.linkonce.td.*)
 *(.rela.tbss .rela.tbss.* .rela.gnu.linkonce.tb.*)
 *(.rela.ctors)
 *(.rela.dtors)
 *(.rela.got)
 .rela.got      0x0000000000008398       0xd8 /usr/lib/gcc/x86_64-linux-gnu/10/../../../x86_64-linux-gnu/Scrt1.o
 *(.rela.bss .rela.bss.* .rela.gnu.linkonce.b.*)
 .rela.bss      0x0000000000008470       0x18 /usr/lib/gcc/x86_64-linux-gnu/10/../../../x86_64-linux-gnu/Scrt1.o
 *(.rela.ldata .rela.ldata.* .rela.gnu.linkonce.l.*)
 *(.rela.lbss .rela.lbss.* .rela.gnu.linkonce.lb.*)
 *(.rela.lrodata .rela.lrodata.* .rela.gnu.linkonce.lr.*)
 *(.rela.ifunc)
 .rela.ifunc    0x0000000000008488        0x0 /usr/lib/gcc/x86_64-linux-gnu/10/../../../x86_64-linux-gnu/Scrt1.o
 .rela.fini_array
                0x0000000000008488       0x18 /usr/lib/gcc/x86_64-linux-gnu/10/../../../x86_64-linux-gnu/Scrt1.o
 .rela.init_array
                0x00000000000084a0       0x18 /usr/lib/gcc/x86_64-linux-gnu/10/../../../x86_64-linux-gnu/Scrt1.o

.rela.plt       0x00000000000084b8      0x2a0
 *(.rela.plt)
 .rela.plt      0x00000000000084b8      0x2a0 /usr/lib/gcc/x86_64-linux-gnu/10/../../../x86_64-linux-gnu/Scrt1.o
 *(.rela.iplt)
                0x0000000000009000                . = ALIGN (CONSTANT (MAXPAGESIZE))

.init           0x0000000000009000       0x17
 *(SORT_NONE(.init))
 .init          0x0000000000009000       0x12 /usr/lib/gcc/x86_64-linux-gnu/10/../../../x86_64-linux-gnu/crti.o
                0x0000000000009000                _init
 .init          0x0000000000009012        0x5 /usr/lib/gcc/x86_64-linux-gnu/10/../../../x86_64-linux-gnu/crtn.o

.plt            0x0000000000009020      0x1d0
 *(.plt)
 .plt           0x0000000000009020      0x1d0 /usr/lib/gcc/x86_64-linux-gnu/10/../../../x86_64-linux-gnu/Scrt1.o
                0x0000000000009030                __errno_location@@GLIBC_2.2.5
                0x0000000000009040                strncmp@@GLIBC_2.2.5
                0x0000000000009050                puts@@GLIBC_2.2.5
                0x0000000000009060                write@@GLIBC_2.2.5
                0x0000000000009070                pow@@GLIBC_2.29
                0x0000000000009080                strlen@@GLIBC_2.2.5
                0x0000000000009090                strchr@@GLIBC_2.2.5
                0x00000000000090a0                printf@@GLIBC_2.2.5
                0x00000000000090b0                __assert_fail@@GLIBC_2.2.5
                0x00000000000090c0                memset@@GLIBC_2.2.5
                0x00000000000090d0                sincos@@GLIBC_2.2.5
                0x00000000000090e0                close@@GLIBC_2.2.5
                0x00000000000090f0                log@@GLIBC_2.29
                0x0000000000009100                fmod@@GLIBC_2.2.5
                0x0000000000009110                read@@GLIBC_2.2.5
                0x0000000000009120                memcmp@@GLIBC_2.2.5
                0x0000000000009130                strcmp@@GLIBC_2.2.5
                0x0000000000009140                fprintf@@GLIBC_2.2.5
                0x0000000000009150                strtol@@GLIBC_2.2.5
                0x0000000000009160                memcpy@@GLIBC_2.14
                0x0000000000009170                malloc@@GLIBC_2.2.5
                0x0000000000009180                atan2@@GLIBC_2.2.5
                0x0000000000009190                memmove@@GLIBC_2.2.5
                0x00000000000091a0                open@@GLIBC_2.2.5
                0x00000000000091b0                floor@@GLIBC_2.2.5
                0x00000000000091c0                exit@@GLIBC_2.2.5
                0x00000000000091d0                sqrt@@GLIBC_2.2.5
                0x00000000000091e0                exp@@GLIBC_2.29
 *(.iplt)

.plt.got        0x00000000000091f0        0x8
 *(.plt.got)
 .plt.got       0x00000000000091f0        0x8 /usr/lib/gcc/x86_64-linux-gnu/10/../../../x86_64-linux-gnu/Scrt1.o
                0x00000000000091f0                __cxa_finalize@@GLIBC_2.2.5

.plt.sec
 *(.plt.sec)

.text           0x0000000000009200    0x365a1
 *(.text.unlikely .text.*_unlikely .text.unlikely.*)
 *(.text.exit .text.exit.*)
 *(.text.startup .text.startup.*)
 .text.startup.main
                0x0000000000009200       0x22 build/main.o
                0x0000000000009200                main
 *(.text.hot .text.hot.*)
 *(SORT_BY_NAME(.text.sorted.*))
 *(.text .stub .text.* .gnu.linkonce.t.*)
 *fill*         0x0000000000009222        0xe 
 .text          0x0000000000009230       0x2b /usr/lib/gcc/x86_64-linux-gnu/10/../../../x86_64-linux-gnu/Scrt1.o
                0x0000000000009230                _start
 *fill*         0x000000000000925b        0x5 
 .text          0x0000000000009260       0xb5 /usr/lib/gcc/x86_64-linux-gnu/10/crtbeginS.o
 .text.nlr_push_tail
                0x0000000000009315       0x14 build/py/nlr.o
                0x0000000000009315                nlr_push_tail
 .text.nlr_pop  0x0000000000009329       0x12 build/py/nlr.o
                0x0000000000009329                nlr_pop
 .text.nlr_push
                0x000000000000933b       0x2c build/py/nlrx64.o
                0x000000000000933b                nlr_push
 .text.nlr_jump
                0x0000000000009367       0x4d build/py/nlrx64.o
                0x0000000000009367                nlr_jump
 .text.m_malloc
                0x00000000000093b4       0x29 build/py/malloc.o
                0x00000000000093b4                m_malloc
 .text.m_malloc_maybe
                0x00000000000093dd        0x7 build/py/malloc.o
                0x00000000000093dd                m_malloc_maybe
 .text.m_malloc0
                0x00000000000093e4        0x5 build/py/malloc.o
                0x00000000000093e4                m_malloc0
 .text.m_realloc
                0x00000000000093e9       0x22 build/py/malloc.o
                0x00000000000093e9                m_realloc
 .text.m_realloc_maybe
                0x000000000000940b        0x8 build/py/malloc.o
                0x000000000000940b                m_realloc_maybe
 .text.m_free   0x0000000000009413        0x5 build/py/malloc.o
                0x0000000000009413                m_free
 *fill*         0x0000000000009418        0x8 
 .text.gc_mark_subtree
                0x0000000000009420      0x102 build/py/gc.o
 *fill*         0x0000000000009522        0xe 
 .text.gc_free.part.0
                0x0000000000009530      0x113 build/py/gc.o
 *fill*         0x0000000000009643        0xd 
 .text.gc_init  0x0000000000009650       0x7b build/py/gc.o
                0x0000000000009650                gc_init
 *fill*         0x00000000000096cb        0x5 
 .text.gc_is_locked
                0x00000000000096d0        0xc build/py/gc.o
                0x00000000000096d0                gc_is_locked
 *fill*         0x00000000000096dc        0x4 
 .text.gc_collect_start
                0x00000000000096e0       0xa1 build/py/gc.o
                0x00000000000096e0                gc_collect_start
 *fill*         0x0000000000009781        0xf 
 .text.gc_collect_root
                0x0000000000009790       0x99 build/py/gc.o
                0x0000000000009790                gc_collect_root
 *fill*         0x0000000000009829        0x7 
 .text.gc_collect_end
                0x0000000000009830      0x18d build/py/gc.o
                0x0000000000009830                gc_collect_end
 *fill*         0x00000000000099bd        0x3 
 .text.gc_alloc
                0x00000000000099c0      0x215 build/py/gc.o
                0x00000000000099c0                gc_alloc
 *fill*         0x0000000000009bd5        0xb 
 .text.gc_free  0x0000000000009be0       0x19 build/py/gc.o
                0x0000000000009be0                gc_free
 *fill*         0x0000000000009bf9        0x7 
 .text.gc_realloc
                0x0000000000009c00      0x310 build/py/gc.o
                0x0000000000009c00                gc_realloc
 .text.find_qstr
                0x0000000000009f10       0x1e build/py/qstr.o
 .text.qstr_compute_hash
                0x0000000000009f2e       0x2b build/py/qstr.o
                0x0000000000009f2e                qstr_compute_hash
 .text.qstr_init
                0x0000000000009f59       0x1a build/py/qstr.o
                0x0000000000009f59                qstr_init
 .text.qstr_find_strn
                0x0000000000009f73       0x94 build/py/qstr.o
                0x0000000000009f73                qstr_find_strn
 .text.qstr_from_strn
                0x000000000000a007      0x1b3 build/py/qstr.o
                0x000000000000a007                qstr_from_strn
 .text.qstr_from_str
                0x000000000000a1ba       0x1f build/py/qstr.o
                0x000000000000a1ba                qstr_from_str
 .text.qstr_hash
                0x000000000000a1d9        0x9 build/py/qstr.o
                0x000000000000a1d9                qstr_hash
 .text.qstr_len
                0x000000000000a1e2        0xa build/py/qstr.o
                0x000000000000a1e2                qstr_len
 .text.qstr_str
                0x000000000000a1ec        0xa build/py/qstr.o
                0x000000000000a1ec                qstr_str
 .text.qstr_data
                0x000000000000a1f6       0x11 build/py/qstr.o
                0x000000000000a1f6                qstr_data
 .text.vstr_ensure_extra
                0x000000000000a207       0x47 build/py/vstr.o
 .text.vstr_add_strn
                0x000000000000a24e       0x31 build/py/vstr.o
                0x000000000000a24e                vstr_add_strn
 .text.vstr_init
                0x000000000000a27f       0x2a build/py/vstr.o
                0x000000000000a27f                vstr_init
 .text.vstr_init_len
                0x000000000000a2a9       0x1a build/py/vstr.o
                0x000000000000a2a9                vstr_init_len
 .text.vstr_init_print
                0x000000000000a2c3       0x20 build/py/vstr.o
                0x000000000000a2c3                vstr_init_print
 .text.vstr_clear
                0x000000000000a2e3       0x1d build/py/vstr.o
                0x000000000000a2e3                vstr_clear
 .text.vstr_extend
                0x000000000000a300       0x40 build/py/vstr.o
                0x000000000000a300                vstr_extend
 .text.vstr_add_len
                0x000000000000a340       0x24 build/py/vstr.o
                0x000000000000a340                vstr_add_len
 .text.vstr_null_terminated_str
                0x000000000000a364       0x29 build/py/vstr.o
                0x000000000000a364                vstr_null_terminated_str
 .text.vstr_add_byte
                0x000000000000a38d       0x11 build/py/vstr.o
                0x000000000000a38d                vstr_add_byte
 .text.vstr_add_char
                0x000000000000a39e       0xda build/py/vstr.o
                0x000000000000a39e                vstr_add_char
 .text.vstr_add_str
                0x000000000000a478       0x2c build/py/vstr.o
                0x000000000000a478                vstr_add_str
 .text.vstr_cut_tail_bytes
                0x000000000000a4a4       0x16 build/py/vstr.o
                0x000000000000a4a4                vstr_cut_tail_bytes
 .text.mp_print_str
                0x000000000000a4ba       0x36 build/py/mpprint.o
                0x000000000000a4ba                mp_print_str
 .text.mp_print_strn
                0x000000000000a4f0      0x10d build/py/mpprint.o
                0x000000000000a4f0                mp_print_strn
 .text.mp_print_int
                0x000000000000a5fd      0x114 build/py/mpprint.o
 .text.mp_print_mp_int
                0x000000000000a711      0x34f build/py/mpprint.o
                0x000000000000a711                mp_print_mp_int
 .text.mp_print_float
                0x000000000000aa60       0xc8 build/py/mpprint.o
                0x000000000000aa60                mp_print_float
 .text.mp_vprintf
                0x000000000000ab28      0x4e1 build/py/mpprint.o
                0x000000000000ab28                mp_vprintf
 .text.mp_printf
                0x000000000000b009       0x8f build/py/mpprint.o
                0x000000000000b009                mp_printf
 .text.utf8_get_char
                0x000000000000b098       0x3a build/py/unicode.o
                0x000000000000b098                utf8_get_char
 .text.utf8_next_char
                0x000000000000b0d2       0x14 build/py/unicode.o
                0x000000000000b0d2                utf8_next_char
 .text.utf8_ptr_to_index
                0x000000000000b0e6       0x1b build/py/unicode.o
                0x000000000000b0e6                utf8_ptr_to_index
 .text.utf8_charlen
                0x000000000000b101       0x1d build/py/unicode.o
                0x000000000000b101                utf8_charlen
 .text.unichar_isspace
                0x000000000000b11e       0x1c build/py/unicode.o
                0x000000000000b11e                unichar_isspace
 .text.unichar_isalpha
                0x000000000000b13a       0x1d build/py/unicode.o
                0x000000000000b13a                unichar_isalpha
 .text.unichar_isdigit
                0x000000000000b157       0x1d build/py/unicode.o
                0x000000000000b157                unichar_isdigit
 .text.unichar_isxdigit
                0x000000000000b174       0x1d build/py/unicode.o
                0x000000000000b174                unichar_isxdigit
 .text.unichar_isupper
                0x000000000000b191       0x1d build/py/unicode.o
                0x000000000000b191                unichar_isupper
 .text.unichar_islower
                0x000000000000b1ae       0x1d build/py/unicode.o
                0x000000000000b1ae                unichar_islower
 .text.unichar_tolower
                0x000000000000b1cb       0x14 build/py/unicode.o
                0x000000000000b1cb                unichar_tolower
 .text.unichar_toupper
                0x000000000000b1df       0x14 build/py/unicode.o
                0x000000000000b1df                unichar_toupper
 .text.unichar_xdigit_value
                0x000000000000b1f3       0x12 build/py/unicode.o
                0x000000000000b1f3                unichar_xdigit_value
 .text.utf8_check
                0x000000000000b205       0x4c build/py/unicode.o
                0x000000000000b205                utf8_check
 .text.mpn_remove_trailing_zeros
                0x000000000000b251       0x1a build/py/mpz.o
 .text.mpn_shr  0x000000000000b26b       0x49 build/py/mpz.o
 .text.mpn_add  0x000000000000b2b4       0x6c build/py/mpz.o
 .text.mpn_sub  0x000000000000b320       0x5b build/py/mpz.o
 .text.mpz_clone
                0x000000000000b37b       0x7a build/py/mpz.o
 .text.mpn_cmp  0x000000000000b3f5       0x4c build/py/mpz.o
 .text.mpz_free
                0x000000000000b441       0x1c build/py/mpz.o
 .text.mpz_need_dig
                0x000000000000b45d       0x73 build/py/mpz.o
 .text.mpz_set_from_int.part.0
                0x000000000000b4d0       0x53 build/py/mpz.o
 .text.mpz_init_zero
                0x000000000000b523       0x18 build/py/mpz.o
                0x000000000000b523                mpz_init_zero
 .text.mpz_deinit
                0x000000000000b53b       0x14 build/py/mpz.o
                0x000000000000b53b                mpz_deinit
 .text.mpz_set  0x000000000000b54f       0x43 build/py/mpz.o
                0x000000000000b54f                mpz_set
 .text.mpz_set_from_int
                0x000000000000b592       0x13 build/py/mpz.o
                0x000000000000b592                mpz_set_from_int
 .text.mpz_init_from_int
                0x000000000000b5a5        0xc build/py/mpz.o
                0x000000000000b5a5                mpz_init_from_int
 .text.mpz_init_fixed_from_int
                0x000000000000b5b1       0x22 build/py/mpz.o
                0x000000000000b5b1                mpz_init_fixed_from_int
 .text.mpz_set_from_ll
                0x000000000000b5d3       0x61 build/py/mpz.o
                0x000000000000b5d3                mpz_set_from_ll
 .text.mpz_set_from_float
                0x000000000000b634      0x13e build/py/mpz.o
                0x000000000000b634                mpz_set_from_float
 .text.mpz_set_from_str
                0x000000000000b772       0xf5 build/py/mpz.o
                0x000000000000b772                mpz_set_from_str
 .text.mpz_set_from_bytes
                0x000000000000b867       0xa0 build/py/mpz.o
                0x000000000000b867                mpz_set_from_bytes
 .text.mpz_cmp  0x000000000000b907       0x43 build/py/mpz.o
                0x000000000000b907                mpz_cmp
 .text.mpz_abs_inpl
                0x000000000000b94a       0x13 build/py/mpz.o
                0x000000000000b94a                mpz_abs_inpl
 .text.mpz_neg_inpl
                0x000000000000b95d       0x20 build/py/mpz.o
                0x000000000000b95d                mpz_neg_inpl
 .text.mpz_not_inpl
                0x000000000000b97d       0xad build/py/mpz.o
                0x000000000000b97d                mpz_not_inpl
 .text.mpz_shl_inpl
                0x000000000000ba2a       0xf0 build/py/mpz.o
                0x000000000000ba2a                mpz_shl_inpl
 .text.mpz_shr_inpl
                0x000000000000bb1a      0x11b build/py/mpz.o
                0x000000000000bb1a                mpz_shr_inpl
 .text.mpz_add_inpl
                0x000000000000bc35       0x9d build/py/mpz.o
                0x000000000000bc35                mpz_add_inpl
 .text.mpz_sub_inpl
                0x000000000000bcd2       0xb8 build/py/mpz.o
                0x000000000000bcd2                mpz_sub_inpl
 .text.mpz_and_inpl
                0x000000000000bd8a      0x13b build/py/mpz.o
                0x000000000000bd8a                mpz_and_inpl
 .text.mpz_or_inpl
                0x000000000000bec5      0x155 build/py/mpz.o
                0x000000000000bec5                mpz_or_inpl
 .text.mpz_xor_inpl
                0x000000000000c01a      0x130 build/py/mpz.o
                0x000000000000c01a                mpz_xor_inpl
 .text.mpz_mul_inpl
                0x000000000000c14a      0x13a build/py/mpz.o
                0x000000000000c14a                mpz_mul_inpl
 .text.mpz_pow_inpl
                0x000000000000c284       0xbf build/py/mpz.o
                0x000000000000c284                mpz_pow_inpl
 .text.mpz_divmod_inpl
                0x000000000000c343      0x3ac build/py/mpz.o
                0x000000000000c343                mpz_divmod_inpl
 .text.mpz_hash
                0x000000000000c6ef       0x2c build/py/mpz.o
                0x000000000000c6ef                mpz_hash
 .text.mpz_as_int_checked
                0x000000000000c71b       0x3f build/py/mpz.o
                0x000000000000c71b                mpz_as_int_checked
 .text.mpz_as_bytes
                0x000000000000c75a       0xcf build/py/mpz.o
                0x000000000000c75a                mpz_as_bytes
 .text.mpz_as_float
                0x000000000000c829       0x3f build/py/mpz.o
                0x000000000000c829                mpz_as_float
 .text.mpz_as_str_inpl
                0x000000000000c868      0x1cd build/py/mpz.o
                0x000000000000c868                mpz_as_str_inpl
 .text.mp_reader_posix_readbyte
                0x000000000000ca35       0x5b build/py/reader.o
 .text.mp_reader_posix_close
                0x000000000000ca90       0x1a build/py/reader.o
 .text.mp_reader_new_file_from_fd
                0x000000000000caaa       0x83 build/py/reader.o
                0x000000000000caaa                mp_reader_new_file_from_fd
 .text.mp_reader_new_file
                0x000000000000cb2d       0x35 build/py/reader.o
                0x000000000000cb2d                mp_reader_new_file
 .text.next_char
                0x000000000000cb62       0x85 build/py/lexer.o
 .text.skip_whitespace
                0x000000000000cbe7       0x7f build/py/lexer.o
 .text.is_string_or_bytes
                0x000000000000cc66       0x63 build/py/lexer.o
 .text.mp_lexer_to_next
                0x000000000000ccc9      0x7ae build/py/lexer.o
                0x000000000000ccc9                mp_lexer_to_next
 .text.mp_lexer_new
                0x000000000000d477       0xd6 build/py/lexer.o
                0x000000000000d477                mp_lexer_new
 .text.mp_lexer_new_from_file
                0x000000000000d54d       0x38 build/py/lexer.o
                0x000000000000d54d                mp_lexer_new_from_file
 .text.mp_lexer_free
                0x000000000000d585       0x2f build/py/lexer.o
                0x000000000000d585                mp_lexer_free
 .text.parser_alloc
                0x000000000000d5b4       0xaa build/py/parse.o
 .text.push_result_node
                0x000000000000d65e       0x45 build/py/parse.o
 .text.push_rule
                0x000000000000d6a3       0x79 build/py/parse.o
 .text.peek_result
                0x000000000000d71c       0x38 build/py/parse.o
 .text.pop_result
                0x000000000000d754       0x39 build/py/parse.o
 .text.push_rule_from_arg
                0x000000000000d78d       0x43 build/py/parse.o
 .text.push_result_token
                0x000000000000d7d0      0x182 build/py/parse.o
 .text.mp_parse_node_is_const_false
                0x000000000000d952       0x22 build/py/parse.o
                0x000000000000d952                mp_parse_node_is_const_false
 .text.mp_parse_node_is_const_true
                0x000000000000d974       0x22 build/py/parse.o
                0x000000000000d974                mp_parse_node_is_const_true
 .text.mp_parse_node_get_int_maybe
                0x000000000000d996       0x4f build/py/parse.o
                0x000000000000d996                mp_parse_node_get_int_maybe
 .text.push_result_rule
                0x000000000000d9e5      0x649 build/py/parse.o
 .text.mp_parse_node_extract_list
                0x000000000000e02e       0x36 build/py/parse.o
                0x000000000000e02e                mp_parse_node_extract_list
 .text.mp_parse
                0x000000000000e064      0x6a7 build/py/parse.o
                0x000000000000e064                mp_parse
 .text.mp_parse_tree_clear
                0x000000000000e70b       0x1e build/py/parse.o
                0x000000000000e70b                mp_parse_tree_clear
 .text.scope_new
                0x000000000000e729       0xad build/py/scope.o
                0x000000000000e729                scope_new
 .text.scope_free
                0x000000000000e7d6       0x16 build/py/scope.o
                0x000000000000e7d6                scope_free
 .text.scope_find
                0x000000000000e7ec       0x24 build/py/scope.o
                0x000000000000e7ec                scope_find
 .text.scope_find_or_add_id
                0x000000000000e810       0x6b build/py/scope.o
                0x000000000000e810                scope_find_or_add_id
 .text.scope_find_global
                0x000000000000e87b       0x14 build/py/scope.o
                0x000000000000e87b                scope_find_global
 .text.scope_check_to_close_over
                0x000000000000e88f       0xb9 build/py/scope.o
                0x000000000000e88f                scope_check_to_close_over
 .text.reserve_labels_for_native
                0x000000000000e948        0xf build/py/compile.o
 .text.compile_increase_except_level
                0x000000000000e957       0x2d build/py/compile.o
 .text.apply_to_single_or_list
                0x000000000000e984       0x67 build/py/compile.o
 .text.compile_del_stmt
                0x000000000000e9eb       0x15 build/py/compile.o
 .text.compile_import_name
                0x000000000000ea00       0x15 build/py/compile.o
 .text.compile_yield_from
                0x000000000000ea15       0x45 build/py/compile.o
 .text.compile_await_object_method
                0x000000000000ea5a       0x31 build/py/compile.o
 .text.compile_trailer_period
                0x000000000000ea8b       0x1e build/py/compile.o
 .text.compile_const_object
                0x000000000000eaa9       0x18 build/py/compile.o
 .text.scope_new_and_link
                0x000000000000eac1       0x44 build/py/compile.o
 .text.close_over_variables_etc
                0x000000000000eb05      0x111 build/py/compile.o
 .text.compile_funcdef_lambdef
                0x000000000000ec16       0x8d build/py/compile.o
 .text.compile_lambdef
                0x000000000000eca3       0x48 build/py/compile.o
 .text.compile_funcdef_helper
                0x000000000000eceb       0x50 build/py/compile.o
 .text.do_import_name
                0x000000000000ed3b      0x1d4 build/py/compile.o
 .text.compile_error_set_line
                0x000000000000ef0f       0x18 build/py/compile.o
 .text.compile_decrease_except_level
                0x000000000000ef27       0x4d build/py/compile.o
 .text.compile_syntax_error
                0x000000000000ef74       0x34 build/py/compile.o
 .text.compile_scope_inline_asm
                0x000000000000efa8      0x468 build/py/compile.o
 .text.compile_star_expr
                0x000000000000f410        0xc build/py/compile.o
 .text.compile_break_cont_stmt
                0x000000000000f41c       0x6e build/py/compile.o
 .text.compile_viper_type_annotation
                0x000000000000f48a       0x68 build/py/compile.o
 .text.compile_scope_func_lambda_param
                0x000000000000f4f2      0x1d3 build/py/compile.o
 .text.compile_scope_lambda_param
                0x000000000000f6c5       0x15 build/py/compile.o
 .text.compile_scope_func_param
                0x000000000000f6da       0x15 build/py/compile.o
 .text.compile_load_id
                0x000000000000f6ef       0x2e build/py/compile.o
 .text.compile_store_id
                0x000000000000f71d       0x26 build/py/compile.o
 .text.compile_funcdef
                0x000000000000f743       0x27 build/py/compile.o
 .text.compile_import_from
                0x000000000000f76a      0x270 build/py/compile.o
 .text.compile_dotted_as_name
                0x000000000000f9da       0x52 build/py/compile.o
 .text.compile_delete_id
                0x000000000000fa2c       0x26 build/py/compile.o
 .text.compile_node
                0x000000000000fa52      0x19f build/py/compile.o
 .text.c_assign
                0x000000000000fbf1      0x360 build/py/compile.o
 .text.c_assign_tuple
                0x000000000000ff51      0x13e build/py/compile.o
 .text.compile_yield_expr
                0x000000000001008f       0x83 build/py/compile.o
 .text.compile_namedexpr_helper
                0x0000000000010112       0x6f build/py/compile.o
 .text.compile_namedexpr
                0x0000000000010181        0xd build/py/compile.o
 .text.compile_comprehension
                0x000000000001018e       0xd2 build/py/compile.o
 .text.compile_trailer_paren_helper
                0x0000000000010260      0x217 build/py/compile.o
 .text.compile_classdef_helper
                0x0000000000010477       0x8b build/py/compile.o
 .text.compile_classdef
                0x0000000000010502       0x27 build/py/compile.o
 .text.compile_trailer_paren
                0x0000000000010529        0xd build/py/compile.o
 .text.compile_dictorsetmaker_item
                0x0000000000010536       0x29 build/py/compile.o
 .text.compile_subscript
                0x000000000001055f      0x171 build/py/compile.o
 .text.compile_trailer_bracket
                0x00000000000106d0       0x21 build/py/compile.o
 .text.c_tuple  0x00000000000106f1       0x68 build/py/compile.o
 .text.compile_atom_paren
                0x0000000000010759       0xcc build/py/compile.o
 .text.compile_generic_tuple
                0x0000000000010825        0xa build/py/compile.o
 .text.compile_atom_expr_normal
                0x000000000001082f      0x1c8 build/py/compile.o
 .text.compile_term
                0x00000000000109f7       0x63 build/py/compile.o
 .text.compile_binary_op
                0x0000000000010a5a       0x5c build/py/compile.o
 .text.compile_comparison
                0x0000000000010ab6      0x1d3 build/py/compile.o
 .text.compile_not_test_2
                0x0000000000010c89       0x24 build/py/compile.o
 .text.compile_or_and_test
                0x0000000000010cad       0x94 build/py/compile.o
 .text.compile_funcdef_lambdef_param
                0x0000000000010d41      0x166 build/py/compile.o
 .text.compile_with_stmt_helper
                0x0000000000010ea7       0xd9 build/py/compile.o
 .text.compile_try_except
                0x0000000000010f80      0x2d1 build/py/compile.o
 .text.compile_try_finally
                0x0000000000011251       0xe1 build/py/compile.o
 .text.compile_try_stmt
                0x0000000000011332       0xce build/py/compile.o
 .text.compile_for_stmt
                0x0000000000011400      0x4ae build/py/compile.o
 .text.compile_async_with_stmt_helper
                0x00000000000118ae      0x39a build/py/compile.o
 .text.compile_async_stmt
                0x0000000000011c48      0x302 build/py/compile.o
 .text.compile_raise_stmt
                0x0000000000011f4a       0x7d build/py/compile.o
 .text.compile_yield_stmt
                0x0000000000011fc7       0x1f build/py/compile.o
 .text.c_del_stmt
                0x0000000000011fe6      0x25b build/py/compile.o
 .text.compile_expr_stmt
                0x0000000000012241      0x305 build/py/compile.o
 .text.compile_decorated
                0x0000000000012546      0x2d9 build/py/compile.o
 .text.compile_generic_all_nodes
                0x000000000001281f       0x5f build/py/compile.o
 .text.compile_power
                0x000000000001287e       0x20 build/py/compile.o
 .text.compile_atom_bracket
                0x000000000001289e      0x144 build/py/compile.o
 .text.c_if_cond
                0x00000000000129e2      0x1c9 build/py/compile.o
 .text.compile_scope_comp_iter
                0x0000000000012bab      0x17b build/py/compile.o
 .text.compile_scope
                0x0000000000012d26      0x4f1 build/py/compile.o
 .text.compile_test_if_expr
                0x0000000000013217       0xbc build/py/compile.o
 .text.compile_while_stmt
                0x00000000000132d3       0xe9 build/py/compile.o
 .text.compile_if_stmt
                0x00000000000133bc      0x1a9 build/py/compile.o
 .text.compile_atom_expr_await
                0x0000000000013565       0x38 build/py/compile.o
 .text.compile_factor_2
                0x000000000001359d       0x5f build/py/compile.o
 .text.compile_with_stmt
                0x00000000000135fc       0x5e build/py/compile.o
 .text.compile_assert_stmt
                0x000000000001365a       0x97 build/py/compile.o
 .text.compile_return_stmt
                0x00000000000136f1       0xbc build/py/compile.o
 .text.compile_global_nonlocal_stmt
                0x00000000000137ad      0x111 build/py/compile.o
 .text.compile_atom_brace
                0x00000000000138be      0x27c build/py/compile.o
 .text.mp_compile_to_raw_code
                0x0000000000013b3a      0x4e0 build/py/compile.o
                0x0000000000013b3a                mp_compile_to_raw_code
 .text.mp_emit_common_get_id_for_modification
                0x000000000001401a       0x1d build/py/emitcommon.o
                0x000000000001401a                mp_emit_common_get_id_for_modification
 .text.mp_emit_common_id_op
                0x0000000000014037       0xb8 build/py/emitcommon.o
                0x0000000000014037                mp_emit_common_id_op
 .text.mp_emit_bc_last_emit_was_return_value
                0x00000000000140ef        0x8 build/py/emitbc.o
                0x00000000000140ef                mp_emit_bc_last_emit_was_return_value
 .text.emit_get_cur_to_write_code_info
                0x00000000000140f7       0x47 build/py/emitbc.o
 .text.emit_write_code_info_byte
                0x000000000001413e       0x11 build/py/emitbc.o
 .text.emit_write_code_info_qstr
                0x000000000001414f       0x13 build/py/emitbc.o
 .text.mp_emit_bc_start_pass
                0x0000000000014162      0x26c build/py/emitbc.o
                0x0000000000014162                mp_emit_bc_start_pass
 .text.mp_emit_bc_adjust_stack_size
                0x00000000000143ce       0x4f build/py/emitbc.o
                0x00000000000143ce                mp_emit_bc_adjust_stack_size
 .text.mp_emit_bc_for_iter_end
                0x000000000001441d        0xc build/py/emitbc.o
                0x000000000001441d                mp_emit_bc_for_iter_end
 .text.mp_emit_bc_start_except_handler
                0x0000000000014429        0xa build/py/emitbc.o
                0x0000000000014429                mp_emit_bc_start_except_handler
 .text.mp_emit_bc_end_except_handler
                0x0000000000014433        0xc build/py/emitbc.o
                0x0000000000014433                mp_emit_bc_end_except_handler
 .text.mp_emit_bc_label_assign
                0x000000000001443f       0x9b build/py/emitbc.o
                0x000000000001443f                mp_emit_bc_label_assign
 .text.mp_emit_bc_set_source_line
                0x00000000000144da       0xec build/py/emitbc.o
                0x00000000000144da                mp_emit_bc_set_source_line
 .text.emit_get_cur_to_write_bytecode
                0x00000000000145c6       0x4b build/py/emitbc.o
 .text.emit_write_bytecode_byte
                0x0000000000014611       0x2b build/py/emitbc.o
 .text.mp_emit_bc_load_null
                0x000000000001463c        0xf build/py/emitbc.o
                0x000000000001463c                mp_emit_bc_load_null
 .text.mp_emit_bc_load_build_class
                0x000000000001464b        0xf build/py/emitbc.o
                0x000000000001464b                mp_emit_bc_load_build_class
 .text.mp_emit_bc_dup_top
                0x000000000001465a        0xf build/py/emitbc.o
                0x000000000001465a                mp_emit_bc_dup_top
 .text.mp_emit_bc_dup_top_two
                0x0000000000014669        0xf build/py/emitbc.o
                0x0000000000014669                mp_emit_bc_dup_top_two
 .text.mp_emit_bc_pop_top
                0x0000000000014678        0xd build/py/emitbc.o
                0x0000000000014678                mp_emit_bc_pop_top
 .text.mp_emit_bc_rot_two
                0x0000000000014685        0xc build/py/emitbc.o
                0x0000000000014685                mp_emit_bc_rot_two
 .text.mp_emit_bc_rot_three
                0x0000000000014691        0xc build/py/emitbc.o
                0x0000000000014691                mp_emit_bc_rot_three
 .text.mp_emit_bc_end_finally
                0x000000000001469d        0xd build/py/emitbc.o
                0x000000000001469d                mp_emit_bc_end_finally
 .text.mp_emit_bc_get_iter
                0x00000000000146aa       0x19 build/py/emitbc.o
                0x00000000000146aa                mp_emit_bc_get_iter
 .text.mp_emit_bc_unary_op
                0x00000000000146c3        0xd build/py/emitbc.o
                0x00000000000146c3                mp_emit_bc_unary_op
 .text.mp_emit_bc_store_map
                0x00000000000146d0        0xf build/py/emitbc.o
                0x00000000000146d0                mp_emit_bc_store_map
 .text.mp_emit_bc_return_value
                0x00000000000146df       0x17 build/py/emitbc.o
                0x00000000000146df                mp_emit_bc_return_value
 .text.mp_emit_bc_yield
                0x00000000000146f6       0x1c build/py/emitbc.o
                0x00000000000146f6                mp_emit_bc_yield
 .text.emit_write_bytecode_raw_byte
                0x0000000000014712       0x11 build/py/emitbc.o
 .text.emit_write_bytecode_byte_signed_label
                0x0000000000014723       0x54 build/py/emitbc.o
 .text.mp_emit_bc_jump
                0x0000000000014777        0xf build/py/emitbc.o
                0x0000000000014777                mp_emit_bc_jump
 .text.emit_write_bytecode_byte_unsigned_label
                0x0000000000014786       0x57 build/py/emitbc.o
 .text.mp_emit_bc_setup_block
                0x00000000000147dd       0x16 build/py/emitbc.o
                0x00000000000147dd                mp_emit_bc_setup_block
 .text.mp_emit_bc_for_iter
                0x00000000000147f3       0x12 build/py/emitbc.o
                0x00000000000147f3                mp_emit_bc_for_iter
 .text.mp_emit_bc_pop_except_jump
                0x0000000000014805        0xf build/py/emitbc.o
                0x0000000000014805                mp_emit_bc_pop_except_jump
 .text.mp_emit_bc_subscr
                0x0000000000014814       0x37 build/py/emitbc.o
                0x0000000000014814                mp_emit_bc_subscr
 .text.mp_emit_bc_binary_op
                0x000000000001484b       0x55 build/py/emitbc.o
                0x000000000001484b                mp_emit_bc_binary_op
 .text.mp_emit_bc_pop_jump_if
                0x00000000000148a0       0x1a build/py/emitbc.o
                0x00000000000148a0                mp_emit_bc_pop_jump_if
 .text.mp_emit_bc_jump_if_or_pop
                0x00000000000148ba       0x1a build/py/emitbc.o
                0x00000000000148ba                mp_emit_bc_jump_if_or_pop
 .text.mp_emit_bc_unwind_jump
                0x00000000000148d4       0xa1 build/py/emitbc.o
                0x00000000000148d4                mp_emit_bc_unwind_jump
 .text.emit_write_bytecode_byte_qstr
                0x0000000000014975       0x60 build/py/emitbc.o
 .text.mp_emit_bc_import
                0x00000000000149d5       0x2f build/py/emitbc.o
                0x00000000000149d5                mp_emit_bc_import
 .text.mp_emit_bc_load_const_str
                0x0000000000014a04       0x12 build/py/emitbc.o
                0x0000000000014a04                mp_emit_bc_load_const_str
 .text.mp_emit_bc_load_global
                0x0000000000014a16       0x3a build/py/emitbc.o
                0x0000000000014a16                mp_emit_bc_load_global
 .text.mp_emit_bc_load_method
                0x0000000000014a50       0x1c build/py/emitbc.o
                0x0000000000014a50                mp_emit_bc_load_method
 .text.mp_emit_bc_attr
                0x0000000000014a6c       0x64 build/py/emitbc.o
                0x0000000000014a6c                mp_emit_bc_attr
 .text.mp_emit_bc_store_global
                0x0000000000014ad0       0x11 build/py/emitbc.o
                0x0000000000014ad0                mp_emit_bc_store_global
 .text.mp_emit_bc_delete_global
                0x0000000000014ae1       0x10 build/py/emitbc.o
                0x0000000000014ae1                mp_emit_bc_delete_global
 .text.mp_emit_bc_raise_varargs
                0x0000000000014af1       0x33 build/py/emitbc.o
                0x0000000000014af1                mp_emit_bc_raise_varargs
 .text.mp_emit_bc_end_pass
                0x0000000000014b24      0x162 build/py/emitbc.o
                0x0000000000014b24                mp_emit_bc_end_pass
 .text.mp_emit_bc_load_const_small_int
                0x0000000000014c86       0xc5 build/py/emitbc.o
                0x0000000000014c86                mp_emit_bc_load_const_small_int
 .text.emit_write_bytecode_byte_uint
                0x0000000000014d4b       0x6f build/py/emitbc.o
 .text.emit_write_bytecode_byte_raw_code
                0x0000000000014dba       0x43 build/py/emitbc.o
 .text.mp_emit_bc_make_closure
                0x0000000000014dfd       0x70 build/py/emitbc.o
                0x0000000000014dfd                mp_emit_bc_make_closure
 .text.mp_emit_bc_delete_local
                0x0000000000014e6d       0x13 build/py/emitbc.o
                0x0000000000014e6d                mp_emit_bc_delete_local
 .text.mp_emit_bc_build
                0x0000000000014e80       0x1a build/py/emitbc.o
                0x0000000000014e80                mp_emit_bc_build
 .text.mp_emit_bc_store_comp
                0x0000000000014e9a       0x39 build/py/emitbc.o
                0x0000000000014e9a                mp_emit_bc_store_comp
 .text.mp_emit_bc_unpack_sequence
                0x0000000000014ed3       0x10 build/py/emitbc.o
                0x0000000000014ed3                mp_emit_bc_unpack_sequence
 .text.mp_emit_bc_unpack_ex
                0x0000000000014ee3       0x16 build/py/emitbc.o
                0x0000000000014ee3                mp_emit_bc_unpack_ex
 .text.emit_bc_call_function_method_helper
                0x0000000000014ef9       0x1f build/py/emitbc.o
 .text.mp_emit_bc_call_function
                0x0000000000014f18       0x15 build/py/emitbc.o
                0x0000000000014f18                mp_emit_bc_call_function
 .text.mp_emit_bc_call_method
                0x0000000000014f2d       0x16 build/py/emitbc.o
                0x0000000000014f2d                mp_emit_bc_call_method
 .text.mp_emit_bc_load_local
                0x0000000000014f43       0x30 build/py/emitbc.o
                0x0000000000014f43                mp_emit_bc_load_local
 .text.mp_emit_bc_store_local
                0x0000000000014f73       0x2c build/py/emitbc.o
                0x0000000000014f73                mp_emit_bc_store_local
 .text.mp_emit_bc_make_function
                0x0000000000014f9f       0x25 build/py/emitbc.o
                0x0000000000014f9f                mp_emit_bc_make_function
 .text.mp_emit_bc_load_const_obj
                0x0000000000014fc4       0x3d build/py/emitbc.o
                0x0000000000014fc4                mp_emit_bc_load_const_obj
 .text.mp_emit_bc_load_const_tok
                0x0000000000015001       0x5a build/py/emitbc.o
                0x0000000000015001                mp_emit_bc_load_const_tok
 .text.mp_emit_bc_with_cleanup
                0x000000000001505b       0x44 build/py/emitbc.o
                0x000000000001505b                mp_emit_bc_with_cleanup
 .text.emit_bc_new
                0x000000000001509f        0xa build/py/emitbc.o
                0x000000000001509f                emit_bc_new
 .text.emit_bc_set_max_num_labels
                0x00000000000150a9       0x1b build/py/emitbc.o
                0x00000000000150a9                emit_bc_set_max_num_labels
 .text.emit_bc_free
                0x00000000000150c4       0x16 build/py/emitbc.o
                0x00000000000150c4                emit_bc_free
 .text.mp_asm_base_init
                0x00000000000150da       0x1b build/py/asmbase.o
                0x00000000000150da                mp_asm_base_init
 .text.mp_asm_base_deinit
                0x00000000000150f5       0x1c build/py/asmbase.o
                0x00000000000150f5                mp_asm_base_deinit
 .text.mp_asm_base_start_pass
                0x0000000000015111       0x69 build/py/asmbase.o
                0x0000000000015111                mp_asm_base_start_pass
 .text.mp_asm_base_get_cur_to_write_bytes
                0x000000000001517a       0x3f build/py/asmbase.o
                0x000000000001517a                mp_asm_base_get_cur_to_write_bytes
 .text.mp_asm_base_label_assign
                0x00000000000151b9       0x84 build/py/asmbase.o
                0x00000000000151b9                mp_asm_base_label_assign
 .text.mp_asm_base_align
                0x000000000001523d       0x15 build/py/asmbase.o
                0x000000000001523d                mp_asm_base_align
 .text.mp_asm_base_data
                0x0000000000015252       0x2e build/py/asmbase.o
                0x0000000000015252                mp_asm_base_data
 .text.asm_x64_write_byte_1
                0x0000000000015280       0x16 build/py/asmx64.o
 .text.asm_x64_write_byte_2
                0x0000000000015296       0x20 build/py/asmx64.o
 .text.asm_x64_write_byte_3
                0x00000000000152b6       0x29 build/py/asmx64.o
 .text.asm_x64_generic_r64_r64
                0x00000000000152df       0x38 build/py/asmx64.o
 .text.asm_x64_write_word32
                0x0000000000015317       0x16 build/py/asmx64.o
 .text.asm_x64_write_r64_disp
                0x000000000001532d       0x99 build/py/asmx64.o
 .text.get_label_dest
                0x00000000000153c6       0x2f build/py/asmx64.o
 .text.asm_x64_sub_r64_i32.constprop.0
                0x00000000000153f5       0x59 build/py/asmx64.o
 .text.asm_x64_mov_r64_r64
                0x000000000001544e        0xa build/py/asmx64.o
                0x000000000001544e                asm_x64_mov_r64_r64
 .text.asm_x64_mov_r8_to_mem8
                0x0000000000015458       0x68 build/py/asmx64.o
                0x0000000000015458                asm_x64_mov_r8_to_mem8
 .text.asm_x64_mov_r16_to_mem16
                0x00000000000154c0       0x71 build/py/asmx64.o
                0x00000000000154c0                asm_x64_mov_r16_to_mem16
 .text.asm_x64_mov_r32_to_mem32
                0x0000000000015531       0x68 build/py/asmx64.o
                0x0000000000015531                asm_x64_mov_r32_to_mem32
 .text.asm_x64_mov_r64_to_mem64
                0x0000000000015599       0x51 build/py/asmx64.o
                0x0000000000015599                asm_x64_mov_r64_to_mem64
 .text.asm_x64_mov_mem8_to_r64zx
                0x00000000000155ea       0x7c build/py/asmx64.o
                0x00000000000155ea                asm_x64_mov_mem8_to_r64zx
 .text.asm_x64_mov_mem16_to_r64zx
                0x0000000000015666       0x7c build/py/asmx64.o
                0x0000000000015666                asm_x64_mov_mem16_to_r64zx
 .text.asm_x64_mov_mem32_to_r64zx
                0x00000000000156e2       0x72 build/py/asmx64.o
                0x00000000000156e2                asm_x64_mov_mem32_to_r64zx
 .text.asm_x64_mov_mem64_to_r64
                0x0000000000015754       0x58 build/py/asmx64.o
                0x0000000000015754                asm_x64_mov_mem64_to_r64
 .text.asm_x64_mov_i32_to_r64
                0x00000000000157ac       0x44 build/py/asmx64.o
                0x00000000000157ac                asm_x64_mov_i32_to_r64
 .text.asm_x64_mov_i64_to_r64
                0x00000000000157f0       0x49 build/py/asmx64.o
                0x00000000000157f0                asm_x64_mov_i64_to_r64
 .text.asm_x64_mov_i64_to_r64_optimised
                0x0000000000015839       0x18 build/py/asmx64.o
                0x0000000000015839                asm_x64_mov_i64_to_r64_optimised
 .text.asm_x64_and_r64_r64
                0x0000000000015851        0xa build/py/asmx64.o
                0x0000000000015851                asm_x64_and_r64_r64
 .text.asm_x64_or_r64_r64
                0x000000000001585b        0xa build/py/asmx64.o
                0x000000000001585b                asm_x64_or_r64_r64
 .text.asm_x64_xor_r64_r64
                0x0000000000015865        0xa build/py/asmx64.o
                0x0000000000015865                asm_x64_xor_r64_r64
 .text.asm_x64_shl_r64_cl
                0x000000000001586f        0xf build/py/asmx64.o
                0x000000000001586f                asm_x64_shl_r64_cl
 .text.asm_x64_shr_r64_cl
                0x000000000001587e        0xf build/py/asmx64.o
                0x000000000001587e                asm_x64_shr_r64_cl
 .text.asm_x64_sar_r64_cl
                0x000000000001588d        0xf build/py/asmx64.o
                0x000000000001588d                asm_x64_sar_r64_cl
 .text.asm_x64_add_r64_r64
                0x000000000001589c        0xa build/py/asmx64.o
                0x000000000001589c                asm_x64_add_r64_r64
 .text.asm_x64_sub_r64_r64
                0x00000000000158a6        0xa build/py/asmx64.o
                0x00000000000158a6                asm_x64_sub_r64_r64
 .text.asm_x64_mul_r64_r64
                0x00000000000158b0       0x5e build/py/asmx64.o
                0x00000000000158b0                asm_x64_mul_r64_r64
 .text.asm_x64_cmp_r64_with_r64
                0x000000000001590e       0x12 build/py/asmx64.o
                0x000000000001590e                asm_x64_cmp_r64_with_r64
 .text.asm_x64_test_r8_with_r8
                0x0000000000015920       0x68 build/py/asmx64.o
                0x0000000000015920                asm_x64_test_r8_with_r8
 .text.asm_x64_test_r64_with_r64
                0x0000000000015988       0x12 build/py/asmx64.o
                0x0000000000015988                asm_x64_test_r64_with_r64
 .text.asm_x64_setcc_r8
                0x000000000001599a       0x3e build/py/asmx64.o
                0x000000000001599a                asm_x64_setcc_r8
 .text.asm_x64_jmp_reg
                0x00000000000159d8       0x37 build/py/asmx64.o
                0x00000000000159d8                asm_x64_jmp_reg
 .text.asm_x64_jmp_label
                0x0000000000015a0f       0x62 build/py/asmx64.o
                0x0000000000015a0f                asm_x64_jmp_label
 .text.asm_x64_jcc_label
                0x0000000000015a71       0x72 build/py/asmx64.o
                0x0000000000015a71                asm_x64_jcc_label
 .text.asm_x64_entry
                0x0000000000015ae3       0x7f build/py/asmx64.o
                0x0000000000015ae3                asm_x64_entry
 .text.asm_x64_exit
                0x0000000000015b62       0x59 build/py/asmx64.o
                0x0000000000015b62                asm_x64_exit
 .text.asm_x64_mov_local_to_r64
                0x0000000000015bbb       0x13 build/py/asmx64.o
                0x0000000000015bbb                asm_x64_mov_local_to_r64
 .text.asm_x64_mov_r64_to_local
                0x0000000000015bce       0x11 build/py/asmx64.o
                0x0000000000015bce                asm_x64_mov_r64_to_local
 .text.asm_x64_mov_local_addr_to_r64
                0x0000000000015bdf       0x77 build/py/asmx64.o
                0x0000000000015bdf                asm_x64_mov_local_addr_to_r64
 .text.asm_x64_mov_reg_pcrel
                0x0000000000015c56       0x4c build/py/asmx64.o
                0x0000000000015c56                asm_x64_mov_reg_pcrel
 .text.asm_x64_call_ind
                0x0000000000015ca2       0x5f build/py/asmx64.o
                0x0000000000015ca2                asm_x64_call_ind
 .text.vtype_to_qstr
                0x0000000000015d01       0x18 build/py/emitnx64.o
 .text.emit_native_last_emit_was_return_value
                0x0000000000015d19        0x7 build/py/emitnx64.o
 .text.emit_native_set_source_line
                0x0000000000015d20        0x1 build/py/emitnx64.o
 .text.emit_native_x64_new
                0x0000000000015d21       0x7b build/py/emitnx64.o
                0x0000000000015d21                emit_native_x64_new
 .text.emit_native_x64_free
                0x0000000000015d9c       0x42 build/py/emitnx64.o
                0x0000000000015d9c                emit_native_x64_free
 .text.adjust_stack
                0x0000000000015dde       0x71 build/py/emitnx64.o
 .text.emit_native_end_except_handler
                0x0000000000015e4f        0x9 build/py/emitnx64.o
 .text.emit_pre_pop_discard
                0x0000000000015e58       0x10 build/py/emitnx64.o
 .text.emit_native_pop_top
                0x0000000000015e68        0x5 build/py/emitnx64.o
 .text.emit_native_for_iter_end
                0x0000000000015e6d       0x13 build/py/emitnx64.o
 .text.emit_native_leave_exc_stack
                0x0000000000015e80       0x8c build/py/emitnx64.o
 .text.ensure_extra_stack
                0x0000000000015f0c       0x37 build/py/emitnx64.o
 .text.emit_post_push_reg
                0x0000000000015f43       0x4a build/py/emitnx64.o
 .text.emit_native_start_except_handler
                0x0000000000015f8d       0x2e build/py/emitnx64.o
 .text.emit_post_push_imm
                0x0000000000015fbb       0x4c build/py/emitnx64.o
 .text.emit_native_load_null
                0x0000000000016007       0x10 build/py/emitnx64.o
 .text.emit_native_load_const_small_int
                0x0000000000016017       0x14 build/py/emitnx64.o
 .text.emit_native_adjust_stack_size
                0x000000000001602b       0x5b build/py/emitnx64.o
 .text.emit_native_push_exc_stack
                0x0000000000016086       0x90 build/py/emitnx64.o
 .text.peek_vtype
                0x0000000000016116       0x1d build/py/emitnx64.o
 .text.emit_native_mov_reg_state_addr
                0x0000000000016133       0x53 build/py/emitnx64.o
 .text.emit_native_mov_state_reg
                0x0000000000016186       0x39 build/py/emitnx64.o
 .text.need_reg_single
                0x00000000000161bf       0x5e build/py/emitnx64.o
 .text.emit_native_load_const_str
                0x000000000001621d       0x6d build/py/emitnx64.o
 .text.need_reg_all
                0x000000000001628a       0x45 build/py/emitnx64.o
 .text.emit_call_with_imm_arg
                0x00000000000162cf       0x40 build/py/emitnx64.o
 .text.emit_call
                0x000000000001630f       0x20 build/py/emitnx64.o
 .text.emit_native_load_build_class
                0x000000000001632f       0x2c build/py/emitnx64.o
 .text.emit_get_stack_pointer_to_reg_for_push
                0x000000000001635b       0x6a build/py/emitnx64.o
 .text.emit_call_with_qstr_arg
                0x00000000000163c5       0x72 build/py/emitnx64.o
 .text.emit_native_delete_global
                0x0000000000016437       0x1a build/py/emitnx64.o
 .text.emit_native_load_global
                0x0000000000016451       0x60 build/py/emitnx64.o
 .text.emit_call_with_2_imm_args.constprop.0
                0x00000000000164b1       0x56 build/py/emitnx64.o
 .text.emit_native_mov_reg_state
                0x0000000000016507       0x36 build/py/emitnx64.o
 .text.emit_load_reg_with_ptr
                0x000000000001653d       0x79 build/py/emitnx64.o
 .text.emit_native_load_const_obj
                0x00000000000165b6       0x52 build/py/emitnx64.o
 .text.emit_native_load_const_tok
                0x0000000000016608       0x38 build/py/emitnx64.o
 .text.emit_native_load_fast
                0x0000000000016640       0x9d build/py/emitnx64.o
 .text.emit_fold_stack_top.constprop.0
                0x00000000000166dd       0x5e build/py/emitnx64.o
 .text.load_reg_stack_imm
                0x000000000001673b       0xc5 build/py/emitnx64.o
 .text.need_stack_settled
                0x0000000000016800       0x99 build/py/emitnx64.o
 .text.emit_native_jump
                0x0000000000016899       0x2f build/py/emitnx64.o
 .text.emit_native_pop_except_jump
                0x00000000000168c8       0x49 build/py/emitnx64.o
 .text.emit_native_unwind_jump
                0x0000000000016911      0x126 build/py/emitnx64.o
 .text.emit_access_stack
                0x0000000000016a37       0x86 build/py/emitnx64.o
 .text.emit_pre_pop_reg
                0x0000000000016abd       0x31 build/py/emitnx64.o
 .text.emit_pre_pop_reg_reg
                0x0000000000016aee       0x30 build/py/emitnx64.o
 .text.emit_native_rot_two
                0x0000000000016b1e       0x4c build/py/emitnx64.o
 .text.emit_native_dup_top_two
                0x0000000000016b6a       0x71 build/py/emitnx64.o
 .text.emit_pre_pop_reg_reg_reg
                0x0000000000016bdb       0x44 build/py/emitnx64.o
 .text.emit_native_rot_three
                0x0000000000016c1f       0x6d build/py/emitnx64.o
 .text.emit_native_store_map
                0x0000000000016c8c       0xb6 build/py/emitnx64.o
 .text.emit_native_label_assign
                0x0000000000016d42       0x93 build/py/emitnx64.o
 .text.emit_native_end_finally
                0x0000000000016dd5      0x10f build/py/emitnx64.o
 .text.emit_native_global_exc_entry
                0x0000000000016ee4      0x343 build/py/emitnx64.o
 .text.emit_native_start_pass
                0x0000000000017227      0x718 build/py/emitnx64.o
 .text.emit_native_unpack_ex
                0x000000000001793f       0x7d build/py/emitnx64.o
 .text.emit_native_unpack_sequence
                0x00000000000179bc       0x6f build/py/emitnx64.o
 .text.emit_native_get_iter
                0x0000000000017a2b       0x98 build/py/emitnx64.o
 .text.emit_native_raise_varargs
                0x0000000000017ac3       0x73 build/py/emitnx64.o
 .text.emit_native_unary_op
                0x0000000000017b36       0x84 build/py/emitnx64.o
 .text.emit_native_store_fast
                0x0000000000017bba       0xb9 build/py/emitnx64.o
 .text.emit_native_delete_local
                0x0000000000017c73       0x43 build/py/emitnx64.o
 .text.emit_native_jump_helper
                0x0000000000017cb6      0x128 build/py/emitnx64.o
 .text.emit_native_jump_if_or_pop
                0x0000000000017dde        0xb build/py/emitnx64.o
 .text.emit_native_pop_jump_if
                0x0000000000017de9        0xe build/py/emitnx64.o
 .text.emit_native_attr
                0x0000000000017df7      0x111 build/py/emitnx64.o
 .text.emit_native_store_global
                0x0000000000017f08       0xbb build/py/emitnx64.o
 .text.emit_native_store_comp
                0x0000000000017fc3      0x131 build/py/emitnx64.o
 .text.emit_native_import
                0x00000000000180f4      0x12b build/py/emitnx64.o
 .text.emit_get_stack_pointer_to_reg_for_pop
                0x000000000001821f      0x12f build/py/emitnx64.o
 .text.emit_native_yield
                0x000000000001834e      0x232 build/py/emitnx64.o
 .text.emit_native_call_method
                0x0000000000018580       0x76 build/py/emitnx64.o
 .text.emit_native_make_closure
                0x00000000000185f6       0xa7 build/py/emitnx64.o
 .text.emit_native_return_value
                0x000000000001869d      0x17c build/py/emitnx64.o
 .text.emit_native_for_iter
                0x0000000000018819       0x6e build/py/emitnx64.o
 .text.emit_native_with_cleanup
                0x0000000000018887      0x200 build/py/emitnx64.o
 .text.emit_native_load_method
                0x0000000000018a87       0xb2 build/py/emitnx64.o
 .text.emit_native_build
                0x0000000000018b39      0x18b build/py/emitnx64.o
 .text.emit_native_end_pass
                0x0000000000018cc4      0x42b build/py/emitnx64.o
 .text.emit_native_make_function
                0x00000000000190ef       0xfa build/py/emitnx64.o
 .text.emit_native_call_function
                0x00000000000191e9      0x1a1 build/py/emitnx64.o
 .text.emit_pre_pop_reg_flexible
                0x000000000001938a       0x64 build/py/emitnx64.o
 .text.emit_native_dup_top
                0x00000000000193ee       0x5a build/py/emitnx64.o
 .text.emit_native_setup_block
                0x0000000000019448      0x178 build/py/emitnx64.o
 .text.emit_native_store_local
                0x00000000000195c0       0xb0 build/py/emitnx64.o
 .text.emit_native_load_local
                0x0000000000019670       0x89 build/py/emitnx64.o
 .text.emit_native_binary_op
                0x00000000000196f9      0x3ab build/py/emitnx64.o
 .text.emit_native_subscr
                0x0000000000019aa4      0x81a build/py/emitnx64.o
 .text.asm_x86_write_byte_2
                0x000000000001a2be       0x20 build/py/asmx86.o
 .text.asm_x86_generic_r32_r32
                0x000000000001a2de       0x16 build/py/asmx86.o
 .text.asm_x86_write_byte_1
                0x000000000001a2f4       0x16 build/py/asmx86.o
 .text.asm_x86_write_word32
                0x000000000001a30a       0x16 build/py/asmx86.o
 .text.asm_x86_write_r32_disp
                0x000000000001a320       0x88 build/py/asmx86.o
 .text.get_label_dest
                0x000000000001a3a8       0x2f build/py/asmx86.o
 .text.asm_x86_sub_r32_i32.constprop.0
                0x000000000001a3d7       0x4f build/py/asmx86.o
 .text.asm_x86_mov_r32_r32
                0x000000000001a426        0xa build/py/asmx86.o
                0x000000000001a426                asm_x86_mov_r32_r32
 .text.asm_x86_mov_r8_to_mem8
                0x000000000001a430       0x39 build/py/asmx86.o
                0x000000000001a430                asm_x86_mov_r8_to_mem8
 .text.asm_x86_mov_r16_to_mem16
                0x000000000001a469       0x40 build/py/asmx86.o
                0x000000000001a469                asm_x86_mov_r16_to_mem16
 .text.asm_x86_mov_r32_to_mem32
                0x000000000001a4a9       0x39 build/py/asmx86.o
                0x000000000001a4a9                asm_x86_mov_r32_to_mem32
 .text.asm_x86_mov_mem8_to_r32zx
                0x000000000001a4e2       0x44 build/py/asmx86.o
                0x000000000001a4e2                asm_x86_mov_mem8_to_r32zx
 .text.asm_x86_mov_mem16_to_r32zx
                0x000000000001a526       0x44 build/py/asmx86.o
                0x000000000001a526                asm_x86_mov_mem16_to_r32zx
 .text.asm_x86_mov_mem32_to_r32
                0x000000000001a56a       0x3f build/py/asmx86.o
                0x000000000001a56a                asm_x86_mov_mem32_to_r32
 .text.asm_x86_mov_i32_to_r32
                0x000000000001a5a9       0x38 build/py/asmx86.o
                0x000000000001a5a9                asm_x86_mov_i32_to_r32
 .text.asm_x86_and_r32_r32
                0x000000000001a5e1        0xa build/py/asmx86.o
                0x000000000001a5e1                asm_x86_and_r32_r32
 .text.asm_x86_or_r32_r32
                0x000000000001a5eb        0xa build/py/asmx86.o
                0x000000000001a5eb                asm_x86_or_r32_r32
 .text.asm_x86_xor_r32_r32
                0x000000000001a5f5        0xa build/py/asmx86.o
                0x000000000001a5f5                asm_x86_xor_r32_r32
 .text.asm_x86_shl_r32_cl
                0x000000000001a5ff       0x11 build/py/asmx86.o
                0x000000000001a5ff                asm_x86_shl_r32_cl
 .text.asm_x86_shr_r32_cl
                0x000000000001a610       0x11 build/py/asmx86.o
                0x000000000001a610                asm_x86_shr_r32_cl
 .text.asm_x86_sar_r32_cl
                0x000000000001a621       0x11 build/py/asmx86.o
                0x000000000001a621                asm_x86_sar_r32_cl
 .text.asm_x86_add_r32_r32
                0x000000000001a632        0xa build/py/asmx86.o
                0x000000000001a632                asm_x86_add_r32_r32
 .text.asm_x86_sub_r32_r32
                0x000000000001a63c        0xa build/py/asmx86.o
                0x000000000001a63c                asm_x86_sub_r32_r32
 .text.asm_x86_mul_r32_r32
                0x000000000001a646       0x2a build/py/asmx86.o
                0x000000000001a646                asm_x86_mul_r32_r32
 .text.asm_x86_cmp_r32_with_r32
                0x000000000001a670       0x12 build/py/asmx86.o
                0x000000000001a670                asm_x86_cmp_r32_with_r32
 .text.asm_x86_test_r8_with_r8
                0x000000000001a682       0x16 build/py/asmx86.o
                0x000000000001a682                asm_x86_test_r8_with_r8
 .text.asm_x86_test_r32_with_r32
                0x000000000001a698       0x12 build/py/asmx86.o
                0x000000000001a698                asm_x86_test_r32_with_r32
 .text.asm_x86_setcc_r8
                0x000000000001a6aa       0x2b build/py/asmx86.o
                0x000000000001a6aa                asm_x86_setcc_r8
 .text.asm_x86_jmp_reg
                0x000000000001a6d5       0x11 build/py/asmx86.o
                0x000000000001a6d5                asm_x86_jmp_reg
 .text.asm_x86_jmp_label
                0x000000000001a6e6       0x62 build/py/asmx86.o
                0x000000000001a6e6                asm_x86_jmp_label
 .text.asm_x86_jcc_label
                0x000000000001a748       0x73 build/py/asmx86.o
                0x000000000001a748                asm_x86_jcc_label
 .text.asm_x86_entry
                0x000000000001a7bb       0x75 build/py/asmx86.o
                0x000000000001a7bb                asm_x86_entry
 .text.asm_x86_exit
                0x000000000001a830       0x4f build/py/asmx86.o
                0x000000000001a830                asm_x86_exit
 .text.asm_x86_mov_arg_to_r32
                0x000000000001a87f       0x16 build/py/asmx86.o
                0x000000000001a87f                asm_x86_mov_arg_to_r32
 .text.asm_x86_mov_local_to_r32
                0x000000000001a895       0x13 build/py/asmx86.o
                0x000000000001a895                asm_x86_mov_local_to_r32
 .text.asm_x86_mov_r32_to_local
                0x000000000001a8a8       0x11 build/py/asmx86.o
                0x000000000001a8a8                asm_x86_mov_r32_to_local
 .text.asm_x86_mov_local_addr_to_r32
                0x000000000001a8b9       0x4e build/py/asmx86.o
                0x000000000001a8b9                asm_x86_mov_local_addr_to_r32
 .text.asm_x86_mov_reg_pcrel
                0x000000000001a907       0x65 build/py/asmx86.o
                0x000000000001a907                asm_x86_mov_reg_pcrel
 .text.asm_x86_call_ind
                0x000000000001a96c      0x13b build/py/asmx86.o
                0x000000000001a96c                asm_x86_call_ind
 .text.vtype_to_qstr
                0x000000000001aaa7       0x18 build/py/emitnx86.o
 .text.emit_native_last_emit_was_return_value
                0x000000000001aabf        0x7 build/py/emitnx86.o
 .text.emit_native_set_source_line
                0x000000000001aac6        0x1 build/py/emitnx86.o
 .text.emit_native_x86_new
                0x000000000001aac7       0x7b build/py/emitnx86.o
                0x000000000001aac7                emit_native_x86_new
 .text.emit_native_x86_free
                0x000000000001ab42       0x42 build/py/emitnx86.o
                0x000000000001ab42                emit_native_x86_free
 .text.adjust_stack
                0x000000000001ab84       0x71 build/py/emitnx86.o
 .text.emit_native_end_except_handler
                0x000000000001abf5        0x9 build/py/emitnx86.o
 .text.emit_pre_pop_discard
                0x000000000001abfe       0x10 build/py/emitnx86.o
 .text.emit_native_pop_top
                0x000000000001ac0e        0x5 build/py/emitnx86.o
 .text.emit_native_for_iter_end
                0x000000000001ac13       0x13 build/py/emitnx86.o
 .text.emit_native_leave_exc_stack
                0x000000000001ac26       0x8c build/py/emitnx86.o
 .text.ensure_extra_stack